[2026-07-21T10:58:18.351+0000] {local_task_job_runner.py:120} INFO - ::group::Pre task execution logs
[2026-07-21T10:58:18.392+0000] {taskinstance.py:2076} INFO - Dependencies all met for dep_context=non-requeueable deps ti=<TaskInstance: marketpulse_pipeline.dbt_run manual__2026-07-21T10:52:51.986479+00:00 [queued]>
[2026-07-21T10:58:18.398+0000] {taskinstance.py:2076} INFO - Dependencies all met for dep_context=requeueable deps ti=<TaskInstance: marketpulse_pipeline.dbt_run manual__2026-07-21T10:52:51.986479+00:00 [queued]>
[2026-07-21T10:58:18.399+0000] {taskinstance.py:2306} INFO - Starting attempt 2 of 2
[2026-07-21T10:58:18.409+0000] {taskinstance.py:2330} INFO - Executing <Task(BashOperator): dbt_run> on 2026-07-21 10:52:51.986479+00:00
[2026-07-21T10:58:18.417+0000] {standard_task_runner.py:90} INFO - Running: ['***', 'tasks', 'run', 'marketpulse_pipeline', 'dbt_run', 'manual__2026-07-21T10:52:51.986479+00:00', '--job-id', '9', '--raw', '--subdir', 'DAGS_FOLDER/marketpulse_pipeline.py', '--cfg-path', '/tmp/tmplrgzn7jh']
[2026-07-21T10:58:18.420+0000] {standard_task_runner.py:91} INFO - Job 9: Subtask dbt_run
[2026-07-21T10:58:18.427+0000] {logging_mixin.py:188} WARNING - /home/***/.local/lib/python3.12/site-packages/***/task/task_runner/standard_task_runner.py:62 DeprecationWarning: This process (pid=399) is multi-threaded, use of fork() may lead to deadlocks in the child.
[2026-07-21T10:58:18.430+0000] {standard_task_runner.py:64} INFO - Started process 400 to run task
[2026-07-21T10:58:18.462+0000] {task_command.py:426} INFO - Running <TaskInstance: marketpulse_pipeline.dbt_run manual__2026-07-21T10:52:51.986479+00:00 [running]> on host 43b415d14da3
[2026-07-21T10:58:18.553+0000] {taskinstance.py:2648} INFO - Exporting env vars: AIRFLOW_CTX_DAG_OWNER='maxson' AIRFLOW_CTX_DAG_ID='marketpulse_pipeline' AIRFLOW_CTX_TASK_ID='dbt_run' AIRFLOW_CTX_EXECUTION_DATE='2026-07-21T10:52:51.986479+00:00' AIRFLOW_CTX_TRY_NUMBER='2' AIRFLOW_CTX_DAG_RUN_ID='manual__2026-07-21T10:52:51.986479+00:00'
[2026-07-21T10:58:18.554+0000] {taskinstance.py:430} INFO - ::endgroup::
[2026-07-21T10:58:18.584+0000] {subprocess.py:63} INFO - Tmp dir root location: /tmp
[2026-07-21T10:58:18.585+0000] {subprocess.py:75} INFO - Running command: ['/usr/bin/bash', '-c', 'cd /opt/***/marketpulse_dbt && /home/***/dbt_venv/bin/dbt run']
[2026-07-21T10:58:18.610+0000] {subprocess.py:86} INFO - Output:
[2026-07-21T10:58:21.052+0000] {subprocess.py:93} INFO - [0m10:58:21  Running with dbt=1.8.9
[2026-07-21T10:58:21.355+0000] {subprocess.py:93} INFO - [0m10:58:21  Registered adapter: postgres=1.8.2
[2026-07-21T10:58:21.565+0000] {subprocess.py:93} INFO - [0m10:58:21  Unable to do partial parsing because saved manifest not found. Starting full parse.
[2026-07-21T10:58:23.137+0000] {subprocess.py:93} INFO - [0m10:58:23  [[33mWARNING[0m]: Deprecated functionality
[2026-07-21T10:58:23.137+0000] {subprocess.py:93} INFO - The `tests` config has been renamed to `data_tests`. Please see
[2026-07-21T10:58:23.137+0000] {subprocess.py:93} INFO - https://docs.getdbt.com/docs/build/data-tests#new-data_tests-syntax for more
[2026-07-21T10:58:23.138+0000] {subprocess.py:93} INFO - information.
[2026-07-21T10:58:23.591+0000] {subprocess.py:93} INFO - [0m10:58:23  Encountered an error:
[2026-07-21T10:58:23.592+0000] {subprocess.py:93} INFO - Compilation Error in test accepted_values_stg_cdr_products__ANZ_Westpac_CBA_Suncorp___bank (models/staging/schema.yml)
[2026-07-21T10:58:23.592+0000] {subprocess.py:93} INFO -   macro 'dbt_macro__test_accepted_values' takes no keyword argument 'arguments'
[2026-07-21T10:58:25.378+0000] {subprocess.py:97} INFO - Command exited with return code 2
[2026-07-21T10:58:25.380+0000] {taskinstance.py:441} INFO - ::group::Post task execution logs
[2026-07-21T10:58:25.399+0000] {taskinstance.py:2905} ERROR - Task failed with exception
Traceback (most recent call last):
  File "/home/airflow/.local/lib/python3.12/site-packages/airflow/models/taskinstance.py", line 465, in _execute_task
    result = _execute_callable(context=context, **execute_callable_kwargs)
             ^^^^^^^^^^^^^^^^^^^^^^^^^^^^^^^^^^^^^^^^^^^^^^^^^^^^^^^^^^^^^
  File "/home/airflow/.local/lib/python3.12/site-packages/airflow/models/taskinstance.py", line 432, in _execute_callable
    return execute_callable(context=context, **execute_callable_kwargs)
           ^^^^^^^^^^^^^^^^^^^^^^^^^^^^^^^^^^^^^^^^^^^^^^^^^^^^^^^^^^^^
  File "/home/airflow/.local/lib/python3.12/site-packages/airflow/models/baseoperator.py", line 401, in wrapper
    return func(self, *args, **kwargs)
           ^^^^^^^^^^^^^^^^^^^^^^^^^^^
  File "/home/airflow/.local/lib/python3.12/site-packages/airflow/operators/bash.py", line 243, in execute
    raise AirflowException(
airflow.exceptions.AirflowException: Bash command failed. The command returned a non-zero exit code 2.
[2026-07-21T10:58:25.409+0000] {taskinstance.py:1206} INFO - Marking task as FAILED. dag_id=marketpulse_pipeline, task_id=dbt_run, run_id=manual__2026-07-21T10:52:51.986479+00:00, execution_date=20260721T105251, start_date=20260721T105818, end_date=20260721T105825
[2026-07-21T10:58:25.425+0000] {standard_task_runner.py:110} ERROR - Failed to execute job 9 for task dbt_run (Bash command failed. The command returned a non-zero exit code 2.; 400)
[2026-07-21T10:58:25.443+0000] {local_task_job_runner.py:243} INFO - Task exited with return code 1
[2026-07-21T10:58:25.479+0000] {taskinstance.py:3503} INFO - 0 downstream tasks scheduled from follow-on schedule check
[2026-07-21T10:58:25.486+0000] {local_task_job_runner.py:222} INFO - ::endgroup::
