[2026-07-21T11:15:46.403+0000] {local_task_job_runner.py:120} INFO - ::group::Pre task execution logs
[2026-07-21T11:15:46.438+0000] {taskinstance.py:2076} INFO - Dependencies all met for dep_context=non-requeueable deps ti=<TaskInstance: marketpulse_pipeline.dbt_run manual__2026-07-21T11:15:30.352750+00:00 [queued]>
[2026-07-21T11:15:46.445+0000] {taskinstance.py:2076} INFO - Dependencies all met for dep_context=requeueable deps ti=<TaskInstance: marketpulse_pipeline.dbt_run manual__2026-07-21T11:15:30.352750+00:00 [queued]>
[2026-07-21T11:15:46.446+0000] {taskinstance.py:2306} INFO - Starting attempt 1 of 2
[2026-07-21T11:15:46.456+0000] {taskinstance.py:2330} INFO - Executing <Task(BashOperator): dbt_run> on 2026-07-21 11:15:30.352750+00:00
[2026-07-21T11:15:46.466+0000] {standard_task_runner.py:90} INFO - Running: ['***', 'tasks', 'run', 'marketpulse_pipeline', 'dbt_run', 'manual__2026-07-21T11:15:30.352750+00:00', '--job-id', '12', '--raw', '--subdir', 'DAGS_FOLDER/marketpulse_pipeline.py', '--cfg-path', '/tmp/tmpknrvr84d']
[2026-07-21T11:15:46.472+0000] {standard_task_runner.py:91} INFO - Job 12: Subtask dbt_run
[2026-07-21T11:15:46.473+0000] {logging_mixin.py:188} WARNING - /home/***/.local/lib/python3.12/site-packages/***/task/task_runner/standard_task_runner.py:62 DeprecationWarning: This process (pid=173) is multi-threaded, use of fork() may lead to deadlocks in the child.
[2026-07-21T11:15:46.473+0000] {standard_task_runner.py:64} INFO - Started process 174 to run task
[2026-07-21T11:15:46.517+0000] {task_command.py:426} INFO - Running <TaskInstance: marketpulse_pipeline.dbt_run manual__2026-07-21T11:15:30.352750+00:00 [running]> on host 67cb4b723c67
[2026-07-21T11:15:46.594+0000] {taskinstance.py:2648} INFO - Exporting env vars: AIRFLOW_CTX_DAG_OWNER='maxson' AIRFLOW_CTX_DAG_ID='marketpulse_pipeline' AIRFLOW_CTX_TASK_ID='dbt_run' AIRFLOW_CTX_EXECUTION_DATE='2026-07-21T11:15:30.352750+00:00' AIRFLOW_CTX_TRY_NUMBER='1' AIRFLOW_CTX_DAG_RUN_ID='manual__2026-07-21T11:15:30.352750+00:00'
[2026-07-21T11:15:46.595+0000] {taskinstance.py:430} INFO - ::endgroup::
[2026-07-21T11:15:46.609+0000] {subprocess.py:63} INFO - Tmp dir root location: /tmp
[2026-07-21T11:15:46.610+0000] {subprocess.py:75} INFO - Running command: ['/usr/bin/bash', '-c', 'cd /opt/***/marketpulse_dbt && /home/***/dbt_venv/bin/dbt run']
[2026-07-21T11:15:46.623+0000] {subprocess.py:86} INFO - Output:
[2026-07-21T11:15:50.845+0000] {subprocess.py:93} INFO - [0m11:15:50  Running with dbt=1.12.0
[2026-07-21T11:15:51.403+0000] {subprocess.py:93} INFO - [0m11:15:51  Registered adapter: postgres=1.11.0
[2026-07-21T11:15:51.697+0000] {subprocess.py:93} INFO - [0m11:15:51  Unable to do partial parsing because saved manifest not found. Starting full parse.
[2026-07-21T11:15:54.601+0000] {subprocess.py:93} INFO - [0m11:15:54  Found 4 models, 13 data tests, 2 sources, 477 macros
[2026-07-21T11:15:54.604+0000] {subprocess.py:93} INFO - [0m11:15:54
[2026-07-21T11:15:54.604+0000] {subprocess.py:93} INFO - [0m11:15:54  Concurrency: 4 threads (target='dev')
[2026-07-21T11:15:54.605+0000] {subprocess.py:93} INFO - [0m11:15:54
[2026-07-21T11:15:57.075+0000] {subprocess.py:93} INFO - [0m11:15:57
[2026-07-21T11:15:57.076+0000] {subprocess.py:93} INFO - [0m11:15:57  Finished running  in 0 hours 0 minutes and 2.47 seconds (2.47s).
[2026-07-21T11:15:57.078+0000] {subprocess.py:93} INFO - [0m11:15:57  [[31mERROR[0m]: Encountered an error:
[2026-07-21T11:15:57.078+0000] {subprocess.py:93} INFO - Database Error
[2026-07-21T11:15:57.079+0000] {subprocess.py:93} INFO -   connection to server at "aws-0-ap-southeast-2.pooler.supabase.com" (3.106.102.114), port 5432 failed: FATAL:  password authentication failed for user "postgres"
[2026-07-21T11:15:57.079+0000] {subprocess.py:93} INFO -   connection to server at "aws-0-ap-southeast-2.pooler.supabase.com" (3.106.102.114), port 5432 failed: FATAL:  password authentication failed for user "postgres"
[2026-07-21T11:15:57.079+0000] {subprocess.py:93} INFO - 
[2026-07-21T11:15:58.601+0000] {subprocess.py:97} INFO - Command exited with return code 2
[2026-07-21T11:15:58.602+0000] {taskinstance.py:441} INFO - ::group::Post task execution logs
[2026-07-21T11:15:58.621+0000] {taskinstance.py:2905} ERROR - Task failed with exception
Traceback (most recent call last):
  File "/home/airflow/.local/lib/python3.12/site-packages/airflow/models/taskinstance.py", line 465, in _execute_task
    result = _execute_callable(context=context, **execute_callable_kwargs)
             ^^^^^^^^^^^^^^^^^^^^^^^^^^^^^^^^^^^^^^^^^^^^^^^^^^^^^^^^^^^^^
  File "/home/airflow/.local/lib/python3.12/site-packages/airflow/models/taskinstance.py", line 432, in _execute_callable
    return execute_callable(context=context, **execute_callable_kwargs)
           ^^^^^^^^^^^^^^^^^^^^^^^^^^^^^^^^^^^^^^^^^^^^^^^^^^^^^^^^^^^^
  File "/home/airflow/.local/lib/python3.12/site-packages/airflow/models/baseoperator.py", line 401, in wrapper
    return func(self, *args, **kwargs)
           ^^^^^^^^^^^^^^^^^^^^^^^^^^^
  File "/home/airflow/.local/lib/python3.12/site-packages/airflow/operators/bash.py", line 243, in execute
    raise AirflowException(
airflow.exceptions.AirflowException: Bash command failed. The command returned a non-zero exit code 2.
[2026-07-21T11:15:58.627+0000] {taskinstance.py:1206} INFO - Marking task as UP_FOR_RETRY. dag_id=marketpulse_pipeline, task_id=dbt_run, run_id=manual__2026-07-21T11:15:30.352750+00:00, execution_date=20260721T111530, start_date=20260721T111546, end_date=20260721T111558
[2026-07-21T11:15:58.645+0000] {standard_task_runner.py:110} ERROR - Failed to execute job 12 for task dbt_run (Bash command failed. The command returned a non-zero exit code 2.; 174)
[2026-07-21T11:15:58.658+0000] {local_task_job_runner.py:243} INFO - Task exited with return code 1
[2026-07-21T11:15:58.696+0000] {taskinstance.py:3503} INFO - 0 downstream tasks scheduled from follow-on schedule check
[2026-07-21T11:15:58.698+0000] {local_task_job_runner.py:222} INFO - ::endgroup::
