[0m11:54:58.175420 [debug] [MainThread]: Sending event: {'category': 'dbt', 'action': 'invocation', 'label': 'start', 'context': [<snowplow_tracker.self_describing_json.SelfDescribingJson object at 0x000001F31925A210>, <snowplow_tracker.self_describing_json.SelfDescribingJson object at 0x000001F31C0ED4F0>, <snowplow_tracker.self_describing_json.SelfDescribingJson object at 0x000001F31C0EC0E0>]}


============================== 11:54:58.184792 | 23e0c57d-28e3-4170-b62c-0e549adc5c7b ==============================
[0m11:54:58.184792 [info ] [MainThread]: Running with dbt=1.12.0
[0m11:54:58.185791 [debug] [MainThread]: running dbt with arguments {'maximum_seed_size_mib': '1', 'no_print': 'None', 'static_parser': 'True', 'warn_error_options': 'WarnErrorOptionsV2(error=[], warn=[], silence=[])', 'target_path': 'None', 'version_check': 'True', 'printer_width': '80', 'write_json': 'True', 'empty': 'None', 'log_cache_events': 'False', 'introspect': 'True', 'cache_selected_only': 'False', 'fail_fast': 'False', 'debug': 'False', 'log_format': 'default', 'partial_parse': 'True', 'send_anonymous_usage_stats': 'True', 'quiet': 'False', 'warn_error': 'None', 'profiles_dir': 'C:\\Users\\Maxson\\.dbt', 'use_colors': 'True', 'hints_enabled': 'True', 'invocation_command': 'dbt init marketpulse_dbt', 'use_experimental_parser': 'False', 'indirect_selection': 'eager', 'log_path': 'logs'}
[0m11:54:58.221556 [info ] [MainThread]: Creating dbt configuration folder at C:\Users\Maxson\.dbt
[0m11:54:58.226560 [debug] [MainThread]: Starter project path: C:\Users\Maxson\anaconda3\envs\marketpulse\Lib\site-packages\dbt\include\starter_project
[0m11:54:58.288404 [info ] [MainThread]: Setting up your profile.
[0m12:02:26.005223 [info ] [MainThread]: Profile marketpulse_dbt written to C:\Users\Maxson\.dbt\profiles.yml using target's profile_template.yml and your supplied values.
[0m12:02:26.010214 [info ] [MainThread]: Running dbt debug to validate the project...
[0m12:02:26.011214 [info ] [MainThread]: dbt version: 1.12.0
[0m12:02:26.012213 [info ] [MainThread]: python version: 3.12.13
[0m12:02:26.012213 [info ] [MainThread]: python path: C:\Users\Maxson\anaconda3\envs\marketpulse\python.exe
[0m12:02:26.013212 [info ] [MainThread]: os info: Windows-11-10.0.22631-SP0
[0m12:02:26.094092 [info ] [MainThread]: Using profiles dir at C:\Users\Maxson\.dbt
[0m12:02:26.095098 [info ] [MainThread]: Using profiles.yml file at C:\Users\Maxson\.dbt\profiles.yml
[0m12:02:26.096098 [info ] [MainThread]: Using dbt_project.yml file at C:\Users\Maxson\Documents\Job hunt\marketpulse\marketpulse_dbt\dbt_project.yml
[0m12:02:26.098093 [info ] [MainThread]: adapter type: postgres
[0m12:02:26.099797 [info ] [MainThread]: adapter version: 1.11.0
[0m12:02:26.324797 [info ] [MainThread]: Configuration:
[0m12:02:26.326799 [info ] [MainThread]:   profiles.yml file [[32mOK found and valid[0m]
[0m12:02:26.327804 [info ] [MainThread]:   dbt_project.yml file [[32mOK found and valid[0m]
[0m12:02:26.328798 [info ] [MainThread]: Required dependencies:
[0m12:02:26.329798 [debug] [MainThread]: Executing "git --help"
[0m12:02:26.409549 [debug] [MainThread]: STDOUT: "b"usage: git [-v | --version] [-h | --help] [-C <path>] [-c <name>=<value>]\n           [--exec-path[=<path>]] [--html-path] [--man-path] [--info-path]\n           [-p | --paginate | -P | --no-pager] [--no-replace-objects] [--no-lazy-fetch]\n           [--no-optional-locks] [--no-advice] [--bare] [--git-dir=<path>]\n           [--work-tree=<path>] [--namespace=<name>] [--config-env=<name>=<envvar>]\n           <command> [<args>]\n\nThese are common Git commands used in various situations:\n\nstart a working area (see also: git help tutorial)\n   clone      Clone a repository into a new directory\n   init       Create an empty Git repository or reinitialize an existing one\n\nwork on the current change (see also: git help everyday)\n   add        Add file contents to the index\n   mv         Move or rename a file, a directory, or a symlink\n   restore    Restore working tree files\n   rm         Remove files from the working tree and from the index\n\nexamine the history and state (see also: git help revisions)\n   bisect     Use binary search to find the commit that introduced a bug\n   diff       Show changes between commits, commit and working tree, etc\n   grep       Print lines matching a pattern\n   log        Show commit logs\n   show       Show various types of objects\n   status     Show the working tree status\n\ngrow, mark and tweak your common history\n   backfill   Download missing objects in a partial clone\n   branch     List, create, or delete branches\n   commit     Record changes to the repository\n   history    EXPERIMENTAL: Rewrite history\n   merge      Join two or more development histories together\n   rebase     Reapply commits on top of another base tip\n   reset      Set `HEAD` or the index to a known state\n   switch     Switch branches\n   tag        Create, list, delete or verify tags\n\ncollaborate (see also: git help workflows)\n   fetch      Download objects and refs from another repository\n   pull       Fetch from and integrate with another repository or a local branch\n   push       Update remote refs along with associated objects\n\n'git help -a' and 'git help -g' list available subcommands and some\nconcept guides. See 'git help <command>' or 'git help <concept>'\nto read about a specific subcommand or concept.\nSee 'git help git' for an overview of the system.\n""
[0m12:02:26.410548 [debug] [MainThread]: STDERR: "b''"
[0m12:02:26.411548 [info ] [MainThread]:  - git [[32mOK found[0m]

[0m12:02:26.412547 [info ] [MainThread]: Connection:
[0m12:02:26.412547 [info ] [MainThread]:   host: aws-0-ap-southeast-2.pooler.supabase.com
[0m12:02:26.413548 [info ] [MainThread]:   port: 5432
[0m12:02:26.413548 [info ] [MainThread]:   user: postgres.tcqyphjgtsnferdoeqfx
[0m12:02:26.414548 [info ] [MainThread]:   database: postgres
[0m12:02:26.415549 [info ] [MainThread]:   schema: dbt_dev
[0m12:02:26.416870 [info ] [MainThread]:   connect_timeout: 10
[0m12:02:26.418865 [info ] [MainThread]:   role: None
[0m12:02:26.418865 [info ] [MainThread]:   search_path: None
[0m12:02:26.419865 [info ] [MainThread]:   keepalives_idle: 0
[0m12:02:26.419865 [info ] [MainThread]:   sslmode: None
[0m12:02:26.420864 [info ] [MainThread]:   sslcert: None
[0m12:02:26.421865 [info ] [MainThread]:   sslkey: None
[0m12:02:26.421865 [info ] [MainThread]:   sslrootcert: None
[0m12:02:26.422864 [info ] [MainThread]:   application_name: dbt
[0m12:02:26.422864 [info ] [MainThread]:   autocommit: False
[0m12:02:26.423866 [info ] [MainThread]:   retries: 1
[0m12:02:26.424868 [info ] [MainThread]: Registered adapter: postgres=1.11.0
[0m12:02:26.888939 [debug] [MainThread]: Acquiring new postgres connection 'debug'
[0m12:02:27.311061 [debug] [MainThread]: Using postgres connection "debug"
[0m12:02:27.312062 [debug] [MainThread]: On debug: select 1 as id
[0m12:02:27.313064 [debug] [MainThread]: Opening a new connection, currently in state init
[0m12:02:27.578156 [debug] [MainThread]: SQL status: SELECT 1 in 0.265 seconds
[0m12:02:27.580156 [debug] [MainThread]: On debug: Close
[0m12:02:27.581156 [info ] [MainThread]:   Connection test: [[32mOK connection ok[0m]

[0m12:02:27.582156 [info ] [MainThread]: [32mAll checks passed![0m
[0m12:02:27.583157 [info ] [MainThread]: Your new dbt project "marketpulse_dbt" was created!
Initialized new project in C:\Users\Maxson\Documents\Job hunt\marketpulse\marketpulse_dbt\marketpulse_dbt

For more information on how to configure the profiles.yml file,
please consult the dbt documentation here:

  https://docs.getdbt.com/docs/configure-your-profile

One more thing:

Need help? Don't hesitate to reach out to us via GitHub issues or on Slack:

  https://community.getdbt.com/

Happy modeling!

[0m12:02:27.585758 [debug] [MainThread]: Command `dbt init` succeeded at 12:02:27.584757 after 449.70 seconds
[0m12:02:27.586757 [debug] [MainThread]: Connection 'debug' was properly closed.
[0m12:02:27.587758 [debug] [MainThread]: Sending event: {'category': 'dbt', 'action': 'invocation', 'label': 'end', 'context': [<snowplow_tracker.self_describing_json.SelfDescribingJson object at 0x000001F31DE4DB50>, <snowplow_tracker.self_describing_json.SelfDescribingJson object at 0x000001F31C27EC30>, <snowplow_tracker.self_describing_json.SelfDescribingJson object at 0x000001F31DC9B110>]}
[0m12:02:27.588756 [debug] [MainThread]: Flushing usage events
[0m12:02:28.633911 [debug] [MainThread]: An error was encountered while trying to flush usage events
