[2026-07-21T11:21:01.376+0000] {local_task_job_runner.py:120} INFO - ::group::Pre task execution logs
[2026-07-21T11:21:01.427+0000] {taskinstance.py:2076} INFO - Dependencies all met for dep_context=non-requeueable deps ti=<TaskInstance: marketpulse_pipeline.dbt_run manual__2026-07-21T11:20:48.810037+00:00 [queued]>
[2026-07-21T11:21:01.437+0000] {taskinstance.py:2076} INFO - Dependencies all met for dep_context=requeueable deps ti=<TaskInstance: marketpulse_pipeline.dbt_run manual__2026-07-21T11:20:48.810037+00:00 [queued]>
[2026-07-21T11:21:01.437+0000] {taskinstance.py:2306} INFO - Starting attempt 1 of 2
[2026-07-21T11:21:01.452+0000] {taskinstance.py:2330} INFO - Executing <Task(BashOperator): dbt_run> on 2026-07-21 11:20:48.810037+00:00
[2026-07-21T11:21:01.469+0000] {standard_task_runner.py:90} INFO - Running: ['***', 'tasks', 'run', 'marketpulse_pipeline', 'dbt_run', 'manual__2026-07-21T11:20:48.810037+00:00', '--job-id', '15', '--raw', '--subdir', 'DAGS_FOLDER/marketpulse_pipeline.py', '--cfg-path', '/tmp/tmp267cdcya']
[2026-07-21T11:21:01.476+0000] {standard_task_runner.py:91} INFO - Job 15: Subtask dbt_run
[2026-07-21T11:21:01.480+0000] {logging_mixin.py:188} WARNING - /home/***/.local/lib/python3.12/site-packages/***/task/task_runner/standard_task_runner.py:62 DeprecationWarning: This process (pid=251) is multi-threaded, use of fork() may lead to deadlocks in the child.
[2026-07-21T11:21:01.481+0000] {standard_task_runner.py:64} INFO - Started process 252 to run task
[2026-07-21T11:21:01.535+0000] {task_command.py:426} INFO - Running <TaskInstance: marketpulse_pipeline.dbt_run manual__2026-07-21T11:20:48.810037+00:00 [running]> on host 67cb4b723c67
[2026-07-21T11:21:01.653+0000] {taskinstance.py:2648} INFO - Exporting env vars: AIRFLOW_CTX_DAG_OWNER='maxson' AIRFLOW_CTX_DAG_ID='marketpulse_pipeline' AIRFLOW_CTX_TASK_ID='dbt_run' AIRFLOW_CTX_EXECUTION_DATE='2026-07-21T11:20:48.810037+00:00' AIRFLOW_CTX_TRY_NUMBER='1' AIRFLOW_CTX_DAG_RUN_ID='manual__2026-07-21T11:20:48.810037+00:00'
[2026-07-21T11:21:01.656+0000] {taskinstance.py:430} INFO - ::endgroup::
[2026-07-21T11:21:01.683+0000] {subprocess.py:63} INFO - Tmp dir root location: /tmp
[2026-07-21T11:21:01.684+0000] {subprocess.py:75} INFO - Running command: ['/usr/bin/bash', '-c', 'cd /opt/***/marketpulse_dbt && /home/***/dbt_venv/bin/dbt run']
[2026-07-21T11:21:01.717+0000] {subprocess.py:86} INFO - Output:
[2026-07-21T11:21:06.243+0000] {subprocess.py:93} INFO - [0m11:21:06  Running with dbt=1.12.0
[2026-07-21T11:21:06.648+0000] {subprocess.py:93} INFO - [0m11:21:06  Registered adapter: postgres=1.11.0
[2026-07-21T11:21:07.830+0000] {subprocess.py:93} INFO - [0m11:21:07  Found 4 models, 13 data tests, 2 sources, 477 macros
[2026-07-21T11:21:07.836+0000] {subprocess.py:93} INFO - [0m11:21:07
[2026-07-21T11:21:07.837+0000] {subprocess.py:93} INFO - [0m11:21:07  Concurrency: 4 threads (target='dev')
[2026-07-21T11:21:07.838+0000] {subprocess.py:93} INFO - [0m11:21:07
[2026-07-21T11:21:08.233+0000] {subprocess.py:93} INFO - [0m11:21:08  1 of 4 START sql view model dbt_dev.stg_abs_cpi ................................ [RUN]
[2026-07-21T11:21:08.234+0000] {subprocess.py:93} INFO - [0m11:21:08  2 of 4 START sql view model dbt_dev.stg_cdr_products ........................... [RUN]
[2026-07-21T11:21:08.492+0000] {subprocess.py:93} INFO - [0m11:21:08  2 of 4 OK created sql view model dbt_dev.stg_cdr_products ...................... [[32mCREATE VIEW[0m in 0.25s]
[2026-07-21T11:21:08.496+0000] {subprocess.py:93} INFO - [0m11:21:08  1 of 4 OK created sql view model dbt_dev.stg_abs_cpi ........................... [[32mCREATE VIEW[0m in 0.25s]
[2026-07-21T11:21:08.500+0000] {subprocess.py:93} INFO - [0m11:21:08  3 of 4 START sql table model dbt_dev.fct_bank_products_latest .................. [RUN]
[2026-07-21T11:21:08.501+0000] {subprocess.py:93} INFO - [0m11:21:08  4 of 4 START sql table model dbt_dev.fct_cpi_trend ............................. [RUN]
[2026-07-21T11:21:08.705+0000] {subprocess.py:93} INFO - [0m11:21:08  4 of 4 OK created sql table model dbt_dev.fct_cpi_trend ........................ [[32mSELECT 14[0m in 0.20s]
[2026-07-21T11:21:08.706+0000] {subprocess.py:93} INFO - [0m11:21:08  3 of 4 OK created sql table model dbt_dev.fct_bank_products_latest ............. [[32mSELECT 204[0m in 0.20s]
[2026-07-21T11:21:08.776+0000] {subprocess.py:93} INFO - [0m11:21:08
[2026-07-21T11:21:08.777+0000] {subprocess.py:93} INFO - [0m11:21:08  Finished running 2 table models, 2 view models in 0 hours 0 minutes and 0.94 seconds (0.94s).
[2026-07-21T11:21:08.943+0000] {subprocess.py:93} INFO - [0m11:21:08
[2026-07-21T11:21:08.943+0000] {subprocess.py:93} INFO - [0m11:21:08  [32mCompleted successfully[0m
[2026-07-21T11:21:08.944+0000] {subprocess.py:93} INFO - [0m11:21:08
[2026-07-21T11:21:08.945+0000] {subprocess.py:93} INFO - [0m11:21:08  Done. PASS=4 WARN=0 ERROR=0 SKIP=0 NO-OP=0 REUSED=0 TOTAL=4
[2026-07-21T11:21:10.451+0000] {subprocess.py:97} INFO - Command exited with return code 0
[2026-07-21T11:21:10.452+0000] {taskinstance.py:441} INFO - ::group::Post task execution logs
[2026-07-21T11:21:10.488+0000] {taskinstance.py:1206} INFO - Marking task as SUCCESS. dag_id=marketpulse_pipeline, task_id=dbt_run, run_id=manual__2026-07-21T11:20:48.810037+00:00, execution_date=20260721T112048, start_date=20260721T112101, end_date=20260721T112110
[2026-07-21T11:21:10.546+0000] {local_task_job_runner.py:243} INFO - Task exited with return code 0
[2026-07-21T11:21:10.571+0000] {taskinstance.py:3503} INFO - 1 downstream tasks scheduled from follow-on schedule check
[2026-07-21T11:21:10.572+0000] {local_task_job_runner.py:222} INFO - ::endgroup::
