[2026-07-21T10:30:01.940+0000] {manager.py:470} INFO - Processing files using up to 2 processes at a time 
[2026-07-21T10:30:01.941+0000] {manager.py:471} INFO - Process each file at most once every 30 seconds
[2026-07-21T10:30:01.941+0000] {manager.py:472} INFO - Checking for new files in /opt/airflow/dags every 300 seconds
[2026-07-21T10:30:01.941+0000] {manager.py:737} INFO - Searching for files in /opt/airflow/dags
[2026-07-21T10:30:01.943+0000] {manager.py:740} INFO - There are 1 files in /opt/airflow/dags
[2026-07-21T10:30:02.121+0000] {manager.py:878} INFO - 
================================================================================
DAG File Processing Stats

File Path                                    PID  Runtime      # DAGs    # Errors  Last Runtime    Last Run
-----------------------------------------  -----  ---------  --------  ----------  --------------  ----------
/opt/airflow/dags/marketpulse_pipeline.py    157  0.11s             0           0
================================================================================
[2026-07-21T10:30:32.259+0000] {manager.py:878} INFO - 
================================================================================
DAG File Processing Stats

File Path                                  PID    Runtime      # DAGs    # Errors  Last Runtime    Last Run
-----------------------------------------  -----  ---------  --------  ----------  --------------  -------------------
/opt/airflow/dags/marketpulse_pipeline.py                           1           0  0.30s           2026-07-21T10:30:02
================================================================================
[2026-07-21T10:31:02.592+0000] {manager.py:878} INFO - 
================================================================================
DAG File Processing Stats

File Path                                  PID    Runtime      # DAGs    # Errors  Last Runtime    Last Run
-----------------------------------------  -----  ---------  --------  ----------  --------------  -------------------
/opt/airflow/dags/marketpulse_pipeline.py                           1           0  0.46s           2026-07-21T10:30:32
================================================================================
[2026-07-21T10:31:33.162+0000] {manager.py:878} INFO - 
================================================================================
DAG File Processing Stats

File Path                                    PID  Runtime      # DAGs    # Errors  Last Runtime    Last Run
-----------------------------------------  -----  ---------  --------  ----------  --------------  -------------------
/opt/airflow/dags/marketpulse_pipeline.py    173  0.00s             1           0  0.09s           2026-07-21T10:31:03
================================================================================
[2026-07-21T10:32:03.314+0000] {manager.py:878} INFO - 
================================================================================
DAG File Processing Stats

File Path                                  PID    Runtime      # DAGs    # Errors  Last Runtime    Last Run
-----------------------------------------  -----  ---------  --------  ----------  --------------  -------------------
/opt/airflow/dags/marketpulse_pipeline.py                           1           0  0.18s           2026-07-21T10:31:33
================================================================================
[2026-07-21T10:32:33.549+0000] {manager.py:878} INFO - 
================================================================================
DAG File Processing Stats

File Path                                    PID  Runtime      # DAGs    # Errors  Last Runtime    Last Run
-----------------------------------------  -----  ---------  --------  ----------  --------------  -------------------
/opt/airflow/dags/marketpulse_pipeline.py    183  0.00s             1           0  0.10s           2026-07-21T10:32:03
================================================================================
[2026-07-21T10:33:03.760+0000] {manager.py:878} INFO - 
================================================================================
DAG File Processing Stats

File Path                                    PID  Runtime      # DAGs    # Errors  Last Runtime    Last Run
-----------------------------------------  -----  ---------  --------  ----------  --------------  -------------------
/opt/airflow/dags/marketpulse_pipeline.py    188  0.02s             1           0  0.10s           2026-07-21T10:32:33
================================================================================
[2026-07-21T10:33:33.901+0000] {manager.py:878} INFO - 
================================================================================
DAG File Processing Stats

File Path                                  PID    Runtime      # DAGs    # Errors  Last Runtime    Last Run
-----------------------------------------  -----  ---------  --------  ----------  --------------  -------------------
/opt/airflow/dags/marketpulse_pipeline.py                           1           0  0.30s           2026-07-21T10:33:04
================================================================================
[2026-07-21T10:34:04.279+0000] {manager.py:878} INFO - 
================================================================================
DAG File Processing Stats

File Path                                    PID  Runtime      # DAGs    # Errors  Last Runtime    Last Run
-----------------------------------------  -----  ---------  --------  ----------  --------------  -------------------
/opt/airflow/dags/marketpulse_pipeline.py    198  0.00s             1           0  0.08s           2026-07-21T10:33:34
================================================================================
[2026-07-21T10:34:34.393+0000] {manager.py:878} INFO - 
================================================================================
DAG File Processing Stats

File Path                                  PID    Runtime      # DAGs    # Errors  Last Runtime    Last Run
-----------------------------------------  -----  ---------  --------  ----------  --------------  -------------------
/opt/airflow/dags/marketpulse_pipeline.py                           1           0  0.18s           2026-07-21T10:34:04
================================================================================
[2026-07-21T10:35:02.648+0000] {manager.py:737} INFO - Searching for files in /opt/airflow/dags
[2026-07-21T10:35:02.650+0000] {manager.py:740} INFO - There are 1 files in /opt/airflow/dags
[2026-07-21T10:35:04.676+0000] {manager.py:878} INFO - 
================================================================================
DAG File Processing Stats

File Path                                    PID  Runtime      # DAGs    # Errors  Last Runtime    Last Run
-----------------------------------------  -----  ---------  --------  ----------  --------------  -------------------
/opt/airflow/dags/marketpulse_pipeline.py    208  0.01s             1           0  0.10s           2026-07-21T10:34:34
================================================================================
[2026-07-21T10:35:34.833+0000] {manager.py:878} INFO - 
================================================================================
DAG File Processing Stats

File Path                                    PID  Runtime      # DAGs    # Errors  Last Runtime    Last Run
-----------------------------------------  -----  ---------  --------  ----------  --------------  -------------------
/opt/airflow/dags/marketpulse_pipeline.py    213  0.00s             1           0  0.11s           2026-07-21T10:35:04
================================================================================
[2026-07-21T10:36:04.969+0000] {manager.py:878} INFO - 
================================================================================
DAG File Processing Stats

File Path                                    PID  Runtime      # DAGs    # Errors  Last Runtime    Last Run
-----------------------------------------  -----  ---------  --------  ----------  --------------  -------------------
/opt/airflow/dags/marketpulse_pipeline.py    218  0.00s             1           0  0.10s           2026-07-21T10:35:34
================================================================================
[2026-07-21T10:36:24.582+0000] {manager.py:452} INFO - Exiting gracefully upon receiving signal 15
[2026-07-21T10:37:23.364+0000] {manager.py:470} INFO - Processing files using up to 2 processes at a time 
[2026-07-21T10:37:23.373+0000] {manager.py:471} INFO - Process each file at most once every 30 seconds
[2026-07-21T10:37:23.373+0000] {manager.py:472} INFO - Checking for new files in /opt/airflow/dags every 300 seconds
[2026-07-21T10:37:23.375+0000] {manager.py:737} INFO - Searching for files in /opt/airflow/dags
[2026-07-21T10:37:23.381+0000] {manager.py:740} INFO - There are 1 files in /opt/airflow/dags
[2026-07-21T10:37:23.618+0000] {manager.py:878} INFO - 
================================================================================
DAG File Processing Stats

File Path                                    PID  Runtime      # DAGs    # Errors  Last Runtime    Last Run
-----------------------------------------  -----  ---------  --------  ----------  --------------  ----------
/opt/airflow/dags/marketpulse_pipeline.py    156  0.08s             0           0
================================================================================
[2026-07-21T10:37:53.765+0000] {manager.py:878} INFO - 
================================================================================
DAG File Processing Stats

File Path                                  PID    Runtime      # DAGs    # Errors  Last Runtime    Last Run
-----------------------------------------  -----  ---------  --------  ----------  --------------  -------------------
/opt/airflow/dags/marketpulse_pipeline.py                           1           0  0.31s           2026-07-21T10:37:23
================================================================================
[2026-07-21T10:38:24.090+0000] {manager.py:878} INFO - 
================================================================================
DAG File Processing Stats

File Path                                  PID    Runtime      # DAGs    # Errors  Last Runtime    Last Run
-----------------------------------------  -----  ---------  --------  ----------  --------------  -------------------
/opt/airflow/dags/marketpulse_pipeline.py                           1           0  0.50s           2026-07-21T10:37:54
================================================================================
[2026-07-21T10:38:54.716+0000] {manager.py:878} INFO - 
================================================================================
DAG File Processing Stats

File Path                                    PID  Runtime      # DAGs    # Errors  Last Runtime    Last Run
-----------------------------------------  -----  ---------  --------  ----------  --------------  -------------------
/opt/airflow/dags/marketpulse_pipeline.py    172  0.00s             1           0  0.10s           2026-07-21T10:38:24
================================================================================
[2026-07-21T10:39:24.948+0000] {manager.py:878} INFO - 
================================================================================
DAG File Processing Stats

File Path                                    PID  Runtime      # DAGs    # Errors  Last Runtime    Last Run
-----------------------------------------  -----  ---------  --------  ----------  --------------  -------------------
/opt/airflow/dags/marketpulse_pipeline.py    187  0.00s             1           0  0.12s           2026-07-21T10:38:54
================================================================================
[2026-07-21T10:39:55.081+0000] {manager.py:878} INFO - 
================================================================================
DAG File Processing Stats

File Path                                    PID  Runtime      # DAGs    # Errors  Last Runtime    Last Run
-----------------------------------------  -----  ---------  --------  ----------  --------------  -------------------
/opt/airflow/dags/marketpulse_pipeline.py    192  0.01s             1           0  0.11s           2026-07-21T10:39:25
================================================================================
[2026-07-21T10:40:25.282+0000] {manager.py:878} INFO - 
================================================================================
DAG File Processing Stats

File Path                                    PID  Runtime      # DAGs    # Errors  Last Runtime    Last Run
-----------------------------------------  -----  ---------  --------  ----------  --------------  -------------------
/opt/airflow/dags/marketpulse_pipeline.py    197  0.00s             1           0  0.12s           2026-07-21T10:39:55
================================================================================
[2026-07-21T10:40:55.399+0000] {manager.py:878} INFO - 
================================================================================
DAG File Processing Stats

File Path                                    PID  Runtime      # DAGs    # Errors  Last Runtime    Last Run
-----------------------------------------  -----  ---------  --------  ----------  --------------  -------------------
/opt/airflow/dags/marketpulse_pipeline.py    202  0.00s             1           0  0.11s           2026-07-21T10:40:25
================================================================================
[2026-07-21T10:41:25.609+0000] {manager.py:878} INFO - 
================================================================================
DAG File Processing Stats

File Path                                    PID  Runtime      # DAGs    # Errors  Last Runtime    Last Run
-----------------------------------------  -----  ---------  --------  ----------  --------------  -------------------
/opt/airflow/dags/marketpulse_pipeline.py    207  0.00s             1           0  0.11s           2026-07-21T10:40:55
================================================================================
[2026-07-21T10:41:55.728+0000] {manager.py:878} INFO - 
================================================================================
DAG File Processing Stats

File Path                                  PID    Runtime      # DAGs    # Errors  Last Runtime    Last Run
-----------------------------------------  -----  ---------  --------  ----------  --------------  -------------------
/opt/airflow/dags/marketpulse_pipeline.py                           1           0  0.14s           2026-07-21T10:41:25
================================================================================
[2026-07-21T10:42:23.948+0000] {manager.py:737} INFO - Searching for files in /opt/airflow/dags
[2026-07-21T10:42:23.950+0000] {manager.py:740} INFO - There are 1 files in /opt/airflow/dags
[2026-07-21T10:42:25.967+0000] {manager.py:878} INFO - 
================================================================================
DAG File Processing Stats

File Path                                  PID    Runtime      # DAGs    # Errors  Last Runtime    Last Run
-----------------------------------------  -----  ---------  --------  ----------  --------------  -------------------
/opt/airflow/dags/marketpulse_pipeline.py                           1           0  0.19s           2026-07-21T10:41:56
================================================================================
[2026-07-21T10:42:56.253+0000] {manager.py:878} INFO - 
================================================================================
DAG File Processing Stats

File Path                                    PID  Runtime      # DAGs    # Errors  Last Runtime    Last Run
-----------------------------------------  -----  ---------  --------  ----------  --------------  -------------------
/opt/airflow/dags/marketpulse_pipeline.py    222  0.00s             1           0  0.11s           2026-07-21T10:42:26
================================================================================
[2026-07-21T10:43:26.447+0000] {manager.py:878} INFO - 
================================================================================
DAG File Processing Stats

File Path                                    PID  Runtime      # DAGs    # Errors  Last Runtime    Last Run
-----------------------------------------  -----  ---------  --------  ----------  --------------  -------------------
/opt/airflow/dags/marketpulse_pipeline.py    227  0.00s             1           0  0.12s           2026-07-21T10:42:56
================================================================================
[2026-07-21T10:43:56.577+0000] {manager.py:878} INFO - 
================================================================================
DAG File Processing Stats

File Path                                    PID  Runtime      # DAGs    # Errors  Last Runtime    Last Run
-----------------------------------------  -----  ---------  --------  ----------  --------------  -------------------
/opt/airflow/dags/marketpulse_pipeline.py    232  0.01s             1           0  0.10s           2026-07-21T10:43:26
================================================================================
[2026-07-21T10:44:26.784+0000] {manager.py:878} INFO - 
================================================================================
DAG File Processing Stats

File Path                                    PID  Runtime      # DAGs    # Errors  Last Runtime    Last Run
-----------------------------------------  -----  ---------  --------  ----------  --------------  -------------------
/opt/airflow/dags/marketpulse_pipeline.py    247  0.01s             1           0  0.11s           2026-07-21T10:43:56
================================================================================
[2026-07-21T10:44:56.911+0000] {manager.py:878} INFO - 
================================================================================
DAG File Processing Stats

File Path                                    PID  Runtime      # DAGs    # Errors  Last Runtime    Last Run
-----------------------------------------  -----  ---------  --------  ----------  --------------  -------------------
/opt/airflow/dags/marketpulse_pipeline.py    252  0.01s             1           0  0.11s           2026-07-21T10:44:26
================================================================================
[2026-07-21T10:45:27.087+0000] {manager.py:878} INFO - 
================================================================================
DAG File Processing Stats

File Path                                    PID  Runtime      # DAGs    # Errors  Last Runtime    Last Run
-----------------------------------------  -----  ---------  --------  ----------  --------------  -------------------
/opt/airflow/dags/marketpulse_pipeline.py    257  0.00s             1           0  0.10s           2026-07-21T10:44:57
================================================================================
[2026-07-21T10:45:57.205+0000] {manager.py:878} INFO - 
================================================================================
DAG File Processing Stats

File Path                                  PID    Runtime      # DAGs    # Errors  Last Runtime    Last Run
-----------------------------------------  -----  ---------  --------  ----------  --------------  -------------------
/opt/airflow/dags/marketpulse_pipeline.py                           1           0  0.15s           2026-07-21T10:45:27
================================================================================
[2026-07-21T10:46:27.432+0000] {manager.py:878} INFO - 
================================================================================
DAG File Processing Stats

File Path                                  PID    Runtime      # DAGs    # Errors  Last Runtime    Last Run
-----------------------------------------  -----  ---------  --------  ----------  --------------  -------------------
/opt/airflow/dags/marketpulse_pipeline.py                           1           0  0.14s           2026-07-21T10:45:57
================================================================================
[2026-07-21T10:46:57.661+0000] {manager.py:878} INFO - 
================================================================================
DAG File Processing Stats

File Path                                    PID  Runtime      # DAGs    # Errors  Last Runtime    Last Run
-----------------------------------------  -----  ---------  --------  ----------  --------------  -------------------
/opt/airflow/dags/marketpulse_pipeline.py    272  0.00s             1           0  0.10s           2026-07-21T10:46:27
================================================================================
[2026-07-21T10:47:24.833+0000] {manager.py:737} INFO - Searching for files in /opt/airflow/dags
[2026-07-21T10:47:24.834+0000] {manager.py:740} INFO - There are 1 files in /opt/airflow/dags
[2026-07-21T10:47:27.860+0000] {manager.py:878} INFO - 
================================================================================
DAG File Processing Stats

File Path                                    PID  Runtime      # DAGs    # Errors  Last Runtime    Last Run
-----------------------------------------  -----  ---------  --------  ----------  --------------  -------------------
/opt/airflow/dags/marketpulse_pipeline.py    277  0.00s             1           0  0.15s           2026-07-21T10:46:57
================================================================================
[2026-07-21T10:47:58.022+0000] {manager.py:878} INFO - 
================================================================================
DAG File Processing Stats

File Path                                    PID  Runtime      # DAGs    # Errors  Last Runtime    Last Run
-----------------------------------------  -----  ---------  --------  ----------  --------------  -------------------
/opt/airflow/dags/marketpulse_pipeline.py    282  0.00s             1           0  0.11s           2026-07-21T10:47:27
================================================================================
[2026-07-21T10:48:28.231+0000] {manager.py:878} INFO - 
================================================================================
DAG File Processing Stats

File Path                                    PID  Runtime      # DAGs    # Errors  Last Runtime    Last Run
-----------------------------------------  -----  ---------  --------  ----------  --------------  -------------------
/opt/airflow/dags/marketpulse_pipeline.py    287  0.00s             1           0  0.14s           2026-07-21T10:47:58
================================================================================
[2026-07-21T10:48:58.375+0000] {manager.py:878} INFO - 
================================================================================
DAG File Processing Stats

File Path                                    PID  Runtime      # DAGs    # Errors  Last Runtime    Last Run
-----------------------------------------  -----  ---------  --------  ----------  --------------  -------------------
/opt/airflow/dags/marketpulse_pipeline.py    292  0.01s             1           0  0.12s           2026-07-21T10:48:28
================================================================================
[2026-07-21T10:49:28.595+0000] {manager.py:878} INFO - 
================================================================================
DAG File Processing Stats

File Path                                    PID  Runtime      # DAGs    # Errors  Last Runtime    Last Run
-----------------------------------------  -----  ---------  --------  ----------  --------------  -------------------
/opt/airflow/dags/marketpulse_pipeline.py    297  0.00s             1           0  0.19s           2026-07-21T10:48:58
================================================================================
[2026-07-21T10:49:58.773+0000] {manager.py:878} INFO - 
================================================================================
DAG File Processing Stats

File Path                                    PID  Runtime      # DAGs    # Errors  Last Runtime    Last Run
-----------------------------------------  -----  ---------  --------  ----------  --------------  -------------------
/opt/airflow/dags/marketpulse_pipeline.py    302  0.01s             1           0  0.12s           2026-07-21T10:49:28
================================================================================
[2026-07-21T10:50:28.911+0000] {manager.py:878} INFO - 
================================================================================
DAG File Processing Stats

File Path                                    PID  Runtime      # DAGs    # Errors  Last Runtime    Last Run
-----------------------------------------  -----  ---------  --------  ----------  --------------  -------------------
/opt/airflow/dags/marketpulse_pipeline.py    307  0.01s             1           0  0.12s           2026-07-21T10:49:58
================================================================================
[2026-07-21T10:50:59.105+0000] {manager.py:878} INFO - 
================================================================================
DAG File Processing Stats

File Path                                    PID  Runtime      # DAGs    # Errors  Last Runtime    Last Run
-----------------------------------------  -----  ---------  --------  ----------  --------------  -------------------
/opt/airflow/dags/marketpulse_pipeline.py    312  0.00s             1           0  0.15s           2026-07-21T10:50:29
================================================================================
[2026-07-21T10:51:29.276+0000] {manager.py:878} INFO - 
================================================================================
DAG File Processing Stats

File Path                                    PID  Runtime      # DAGs    # Errors  Last Runtime    Last Run
-----------------------------------------  -----  ---------  --------  ----------  --------------  -------------------
/opt/airflow/dags/marketpulse_pipeline.py    317  0.01s             1           0  0.11s           2026-07-21T10:50:59
================================================================================
[2026-07-21T10:51:59.416+0000] {manager.py:878} INFO - 
================================================================================
DAG File Processing Stats

File Path                                  PID    Runtime      # DAGs    # Errors  Last Runtime    Last Run
-----------------------------------------  -----  ---------  --------  ----------  --------------  -------------------
/opt/airflow/dags/marketpulse_pipeline.py                           1           0  0.18s           2026-07-21T10:51:29
================================================================================
[2026-07-21T10:52:25.650+0000] {manager.py:737} INFO - Searching for files in /opt/airflow/dags
[2026-07-21T10:52:25.656+0000] {manager.py:740} INFO - There are 1 files in /opt/airflow/dags
[2026-07-21T10:52:29.691+0000] {manager.py:878} INFO - 
================================================================================
DAG File Processing Stats

File Path                                    PID  Runtime      # DAGs    # Errors  Last Runtime    Last Run
-----------------------------------------  -----  ---------  --------  ----------  --------------  -------------------
/opt/airflow/dags/marketpulse_pipeline.py    327  0.01s             1           0  0.11s           2026-07-21T10:51:59
================================================================================
[2026-07-21T10:52:59.886+0000] {manager.py:878} INFO - 
================================================================================
DAG File Processing Stats

File Path                                    PID  Runtime      # DAGs    # Errors  Last Runtime    Last Run
-----------------------------------------  -----  ---------  --------  ----------  --------------  -------------------
/opt/airflow/dags/marketpulse_pipeline.py    337  0.01s             1           0  0.11s           2026-07-21T10:52:29
================================================================================
[2026-07-21T10:53:30.028+0000] {manager.py:878} INFO - 
================================================================================
DAG File Processing Stats

File Path                                  PID    Runtime      # DAGs    # Errors  Last Runtime    Last Run
-----------------------------------------  -----  ---------  --------  ----------  --------------  -------------------
/opt/airflow/dags/marketpulse_pipeline.py                           1           0  0.25s           2026-07-21T10:53:00
================================================================================
[2026-07-21T10:54:00.353+0000] {manager.py:878} INFO - 
================================================================================
DAG File Processing Stats

File Path                                  PID    Runtime      # DAGs    # Errors  Last Runtime    Last Run
-----------------------------------------  -----  ---------  --------  ----------  --------------  -------------------
/opt/airflow/dags/marketpulse_pipeline.py                           1           0  0.14s           2026-07-21T10:53:30
================================================================================
[2026-07-21T10:54:30.594+0000] {manager.py:878} INFO - 
================================================================================
DAG File Processing Stats

File Path                                    PID  Runtime      # DAGs    # Errors  Last Runtime    Last Run
-----------------------------------------  -----  ---------  --------  ----------  --------------  -------------------
/opt/airflow/dags/marketpulse_pipeline.py    359  0.00s             1           0  0.11s           2026-07-21T10:54:00
================================================================================
[2026-07-21T10:55:00.788+0000] {manager.py:878} INFO - 
================================================================================
DAG File Processing Stats

File Path                                    PID  Runtime      # DAGs    # Errors  Last Runtime    Last Run
-----------------------------------------  -----  ---------  --------  ----------  --------------  -------------------
/opt/airflow/dags/marketpulse_pipeline.py    364  0.01s             1           0  0.12s           2026-07-21T10:54:30
================================================================================
[2026-07-21T10:55:30.919+0000] {manager.py:878} INFO - 
================================================================================
DAG File Processing Stats

File Path                                    PID  Runtime      # DAGs    # Errors  Last Runtime    Last Run
-----------------------------------------  -----  ---------  --------  ----------  --------------  -------------------
/opt/airflow/dags/marketpulse_pipeline.py    369  0.00s             1           0  0.11s           2026-07-21T10:55:00
================================================================================
[2026-07-21T10:56:01.099+0000] {manager.py:878} INFO - 
================================================================================
DAG File Processing Stats

File Path                                    PID  Runtime      # DAGs    # Errors  Last Runtime    Last Run
-----------------------------------------  -----  ---------  --------  ----------  --------------  -------------------
/opt/airflow/dags/marketpulse_pipeline.py    374  0.00s             1           0  0.10s           2026-07-21T10:55:31
================================================================================
[2026-07-21T10:56:31.239+0000] {manager.py:878} INFO - 
================================================================================
DAG File Processing Stats

File Path                                    PID  Runtime      # DAGs    # Errors  Last Runtime    Last Run
-----------------------------------------  -----  ---------  --------  ----------  --------------  -------------------
/opt/airflow/dags/marketpulse_pipeline.py    379  0.00s             1           0  0.10s           2026-07-21T10:56:01
================================================================================
[2026-07-21T10:57:01.408+0000] {manager.py:878} INFO - 
================================================================================
DAG File Processing Stats

File Path                                    PID  Runtime      # DAGs    # Errors  Last Runtime    Last Run
-----------------------------------------  -----  ---------  --------  ----------  --------------  -------------------
/opt/airflow/dags/marketpulse_pipeline.py    384  0.00s             1           0  0.11s           2026-07-21T10:56:31
================================================================================
[2026-07-21T10:57:26.514+0000] {manager.py:737} INFO - Searching for files in /opt/airflow/dags
[2026-07-21T10:57:26.516+0000] {manager.py:740} INFO - There are 1 files in /opt/airflow/dags
[2026-07-21T10:57:31.554+0000] {manager.py:878} INFO - 
================================================================================
DAG File Processing Stats

File Path                                    PID  Runtime      # DAGs    # Errors  Last Runtime    Last Run
-----------------------------------------  -----  ---------  --------  ----------  --------------  -------------------
/opt/airflow/dags/marketpulse_pipeline.py    389  0.00s             1           0  0.12s           2026-07-21T10:57:01
================================================================================
[2026-07-21T10:58:01.731+0000] {manager.py:878} INFO - 
================================================================================
DAG File Processing Stats

File Path                                    PID  Runtime      # DAGs    # Errors  Last Runtime    Last Run
-----------------------------------------  -----  ---------  --------  ----------  --------------  -------------------
/opt/airflow/dags/marketpulse_pipeline.py    394  0.00s             1           0  0.13s           2026-07-21T10:57:31
================================================================================
[2026-07-21T10:58:27.250+0000] {manager.py:452} INFO - Exiting gracefully upon receiving signal 15
[2026-07-21T11:14:49.680+0000] {manager.py:470} INFO - Processing files using up to 2 processes at a time 
[2026-07-21T11:14:49.685+0000] {manager.py:471} INFO - Process each file at most once every 30 seconds
[2026-07-21T11:14:49.685+0000] {manager.py:472} INFO - Checking for new files in /opt/airflow/dags every 300 seconds
[2026-07-21T11:14:49.686+0000] {manager.py:737} INFO - Searching for files in /opt/airflow/dags
[2026-07-21T11:14:49.689+0000] {manager.py:740} INFO - There are 1 files in /opt/airflow/dags
[2026-07-21T11:14:50.038+0000] {manager.py:878} INFO - 
================================================================================
DAG File Processing Stats

File Path                                    PID  Runtime      # DAGs    # Errors  Last Runtime    Last Run
-----------------------------------------  -----  ---------  --------  ----------  --------------  ----------
/opt/airflow/dags/marketpulse_pipeline.py    157  0.13s             0           0
================================================================================
[2026-07-21T11:15:20.215+0000] {manager.py:878} INFO - 
================================================================================
DAG File Processing Stats

File Path                                    PID  Runtime      # DAGs    # Errors  Last Runtime    Last Run
-----------------------------------------  -----  ---------  --------  ----------  --------------  -------------------
/opt/airflow/dags/marketpulse_pipeline.py    163  0.00s             1           0  0.30s           2026-07-21T11:14:50
================================================================================
[2026-07-21T11:15:50.487+0000] {manager.py:878} INFO - 
================================================================================
DAG File Processing Stats

File Path                                  PID    Runtime      # DAGs    # Errors  Last Runtime    Last Run
-----------------------------------------  -----  ---------  --------  ----------  --------------  -------------------
/opt/airflow/dags/marketpulse_pipeline.py                           1           0  0.51s           2026-07-21T11:15:20
================================================================================
[2026-07-21T11:16:20.960+0000] {manager.py:878} INFO - 
================================================================================
DAG File Processing Stats

File Path                                  PID    Runtime      # DAGs    # Errors  Last Runtime    Last Run
-----------------------------------------  -----  ---------  --------  ----------  --------------  -------------------
/opt/airflow/dags/marketpulse_pipeline.py                           1           0  0.22s           2026-07-21T11:15:51
================================================================================
[2026-07-21T11:16:51.277+0000] {manager.py:878} INFO - 
================================================================================
DAG File Processing Stats

File Path                                  PID    Runtime      # DAGs    # Errors  Last Runtime    Last Run
-----------------------------------------  -----  ---------  --------  ----------  --------------  -------------------
/opt/airflow/dags/marketpulse_pipeline.py                           1           0  0.15s           2026-07-21T11:16:21
================================================================================
[2026-07-21T11:17:21.538+0000] {manager.py:878} INFO - 
================================================================================
DAG File Processing Stats

File Path                                    PID  Runtime      # DAGs    # Errors  Last Runtime    Last Run
-----------------------------------------  -----  ---------  --------  ----------  --------------  -------------------
/opt/airflow/dags/marketpulse_pipeline.py    196  0.01s             1           0  0.10s           2026-07-21T11:16:51
================================================================================
[2026-07-21T11:17:51.717+0000] {manager.py:878} INFO - 
================================================================================
DAG File Processing Stats

File Path                                    PID  Runtime      # DAGs    # Errors  Last Runtime    Last Run
-----------------------------------------  -----  ---------  --------  ----------  --------------  -------------------
/opt/airflow/dags/marketpulse_pipeline.py    208  0.00s             1           0  0.15s           2026-07-21T11:17:21
================================================================================
[2026-07-21T11:18:21.883+0000] {manager.py:878} INFO - 
================================================================================
DAG File Processing Stats

File Path                                    PID  Runtime      # DAGs    # Errors  Last Runtime    Last Run
-----------------------------------------  -----  ---------  --------  ----------  --------------  -------------------
/opt/airflow/dags/marketpulse_pipeline.py    213  0.00s             1           0  0.11s           2026-07-21T11:17:51
================================================================================
[2026-07-21T11:18:52.049+0000] {manager.py:878} INFO - 
================================================================================
DAG File Processing Stats

File Path                                    PID  Runtime      # DAGs    # Errors  Last Runtime    Last Run
-----------------------------------------  -----  ---------  --------  ----------  --------------  -------------------
/opt/airflow/dags/marketpulse_pipeline.py    218  0.00s             1           0  0.11s           2026-07-21T11:18:21
================================================================================
[2026-07-21T11:19:22.212+0000] {manager.py:878} INFO - 
================================================================================
DAG File Processing Stats

File Path                                    PID  Runtime      # DAGs    # Errors  Last Runtime    Last Run
-----------------------------------------  -----  ---------  --------  ----------  --------------  -------------------
/opt/airflow/dags/marketpulse_pipeline.py    223  0.00s             1           0  0.10s           2026-07-21T11:18:52
================================================================================
[2026-07-21T11:19:50.344+0000] {manager.py:737} INFO - Searching for files in /opt/airflow/dags
[2026-07-21T11:19:50.352+0000] {manager.py:740} INFO - There are 1 files in /opt/airflow/dags
[2026-07-21T11:19:52.386+0000] {manager.py:878} INFO - 
================================================================================
DAG File Processing Stats

File Path                                    PID  Runtime      # DAGs    # Errors  Last Runtime    Last Run
-----------------------------------------  -----  ---------  --------  ----------  --------------  -------------------
/opt/airflow/dags/marketpulse_pipeline.py    228  0.01s             1           0  0.11s           2026-07-21T11:19:22
================================================================================
[2026-07-21T11:20:22.523+0000] {manager.py:878} INFO - 
================================================================================
DAG File Processing Stats

File Path                                    PID  Runtime      # DAGs    # Errors  Last Runtime    Last Run
-----------------------------------------  -----  ---------  --------  ----------  --------------  -------------------
/opt/airflow/dags/marketpulse_pipeline.py    233  0.00s             1           0  0.11s           2026-07-21T11:19:52
================================================================================
[2026-07-21T11:20:52.701+0000] {manager.py:878} INFO - 
================================================================================
DAG File Processing Stats

File Path                                    PID  Runtime      # DAGs    # Errors  Last Runtime    Last Run
-----------------------------------------  -----  ---------  --------  ----------  --------------  -------------------
/opt/airflow/dags/marketpulse_pipeline.py    243  0.00s             1           0  0.12s           2026-07-21T11:20:22
================================================================================
[2026-07-21T11:21:22.893+0000] {manager.py:878} INFO - 
================================================================================
DAG File Processing Stats

File Path                                    PID  Runtime      # DAGs    # Errors  Last Runtime    Last Run
-----------------------------------------  -----  ---------  --------  ----------  --------------  -------------------
/opt/airflow/dags/marketpulse_pipeline.py    302  0.00s             1           0  0.11s           2026-07-21T11:20:52
================================================================================
[2026-07-21T11:21:53.003+0000] {manager.py:878} INFO - 
================================================================================
DAG File Processing Stats

File Path                                    PID  Runtime      # DAGs    # Errors  Last Runtime    Last Run
-----------------------------------------  -----  ---------  --------  ----------  --------------  -------------------
/opt/airflow/dags/marketpulse_pipeline.py    307  0.00s             1           0  0.10s           2026-07-21T11:21:22
================================================================================
[2026-07-21T11:22:23.206+0000] {manager.py:878} INFO - 
================================================================================
DAG File Processing Stats

File Path                                    PID  Runtime      # DAGs    # Errors  Last Runtime    Last Run
-----------------------------------------  -----  ---------  --------  ----------  --------------  -------------------
/opt/airflow/dags/marketpulse_pipeline.py    312  0.01s             1           0  0.11s           2026-07-21T11:21:53
================================================================================
[2026-07-21T11:22:53.325+0000] {manager.py:878} INFO - 
================================================================================
DAG File Processing Stats

File Path                                  PID    Runtime      # DAGs    # Errors  Last Runtime    Last Run
-----------------------------------------  -----  ---------  --------  ----------  --------------  -------------------
/opt/airflow/dags/marketpulse_pipeline.py                           1           0  0.14s           2026-07-21T11:22:23
================================================================================
[2026-07-21T11:23:23.543+0000] {manager.py:878} INFO - 
================================================================================
DAG File Processing Stats

File Path                                    PID  Runtime      # DAGs    # Errors  Last Runtime    Last Run
-----------------------------------------  -----  ---------  --------  ----------  --------------  -------------------
/opt/airflow/dags/marketpulse_pipeline.py    322  0.00s             1           0  0.11s           2026-07-21T11:22:53
================================================================================
