[2026-07-21T10:30:02.073+0000] {processor.py:161} INFO - Started process (PID=157) to work on /opt/airflow/dags/marketpulse_pipeline.py
[2026-07-21T10:30:02.074+0000] {processor.py:830} INFO - Processing file /opt/airflow/dags/marketpulse_pipeline.py for tasks to queue
[2026-07-21T10:30:02.082+0000] {logging_mixin.py:188} INFO - [2026-07-21T10:30:02.081+0000] {dagbag.py:545} INFO - Filling up the DagBag from /opt/airflow/dags/marketpulse_pipeline.py
[2026-07-21T10:30:02.167+0000] {processor.py:840} INFO - DAG(s) 'marketpulse_pipeline' retrieved from /opt/airflow/dags/marketpulse_pipeline.py
[2026-07-21T10:30:02.219+0000] {logging_mixin.py:188} INFO - [2026-07-21T10:30:02.219+0000] {dag.py:3089} INFO - Sync 1 DAGs
[2026-07-21T10:30:02.261+0000] {logging_mixin.py:188} INFO - [2026-07-21T10:30:02.260+0000] {dag.py:3947} INFO - Setting next_dagrun for marketpulse_pipeline to 2026-07-20 00:00:00+00:00, run_after=2026-07-21 00:00:00+00:00
[2026-07-21T10:30:02.284+0000] {processor.py:183} INFO - Processing /opt/airflow/dags/marketpulse_pipeline.py took 0.238 seconds
[2026-07-21T10:30:32.462+0000] {processor.py:161} INFO - Started process (PID=163) to work on /opt/airflow/dags/marketpulse_pipeline.py
[2026-07-21T10:30:32.463+0000] {processor.py:830} INFO - Processing file /opt/airflow/dags/marketpulse_pipeline.py for tasks to queue
[2026-07-21T10:30:32.465+0000] {logging_mixin.py:188} INFO - [2026-07-21T10:30:32.464+0000] {dagbag.py:545} INFO - Filling up the DagBag from /opt/airflow/dags/marketpulse_pipeline.py
[2026-07-21T10:30:32.474+0000] {processor.py:840} INFO - DAG(s) 'marketpulse_pipeline' retrieved from /opt/airflow/dags/marketpulse_pipeline.py
[2026-07-21T10:30:32.835+0000] {logging_mixin.py:188} INFO - [2026-07-21T10:30:32.835+0000] {dag.py:3089} INFO - Sync 1 DAGs
[2026-07-21T10:30:32.863+0000] {logging_mixin.py:188} INFO - [2026-07-21T10:30:32.862+0000] {dag.py:3947} INFO - Setting next_dagrun for marketpulse_pipeline to 2026-07-20 00:00:00+00:00, run_after=2026-07-21 00:00:00+00:00
[2026-07-21T10:30:32.888+0000] {processor.py:183} INFO - Processing /opt/airflow/dags/marketpulse_pipeline.py took 0.431 seconds
[2026-07-21T10:31:03.047+0000] {processor.py:161} INFO - Started process (PID=168) to work on /opt/airflow/dags/marketpulse_pipeline.py
[2026-07-21T10:31:03.048+0000] {processor.py:830} INFO - Processing file /opt/airflow/dags/marketpulse_pipeline.py for tasks to queue
[2026-07-21T10:31:03.049+0000] {logging_mixin.py:188} INFO - [2026-07-21T10:31:03.049+0000] {dagbag.py:545} INFO - Filling up the DagBag from /opt/airflow/dags/marketpulse_pipeline.py
[2026-07-21T10:31:03.059+0000] {processor.py:840} INFO - DAG(s) 'marketpulse_pipeline' retrieved from /opt/airflow/dags/marketpulse_pipeline.py
[2026-07-21T10:31:03.073+0000] {logging_mixin.py:188} INFO - [2026-07-21T10:31:03.072+0000] {dag.py:3089} INFO - Sync 1 DAGs
[2026-07-21T10:31:03.096+0000] {logging_mixin.py:188} INFO - [2026-07-21T10:31:03.096+0000] {dag.py:3947} INFO - Setting next_dagrun for marketpulse_pipeline to 2026-07-20 00:00:00+00:00, run_after=2026-07-21 00:00:00+00:00
[2026-07-21T10:31:03.111+0000] {processor.py:183} INFO - Processing /opt/airflow/dags/marketpulse_pipeline.py took 0.070 seconds
[2026-07-21T10:31:33.170+0000] {processor.py:161} INFO - Started process (PID=173) to work on /opt/airflow/dags/marketpulse_pipeline.py
[2026-07-21T10:31:33.170+0000] {processor.py:830} INFO - Processing file /opt/airflow/dags/marketpulse_pipeline.py for tasks to queue
[2026-07-21T10:31:33.172+0000] {logging_mixin.py:188} INFO - [2026-07-21T10:31:33.172+0000] {dagbag.py:545} INFO - Filling up the DagBag from /opt/airflow/dags/marketpulse_pipeline.py
[2026-07-21T10:31:33.182+0000] {processor.py:840} INFO - DAG(s) 'marketpulse_pipeline' retrieved from /opt/airflow/dags/marketpulse_pipeline.py
[2026-07-21T10:31:33.295+0000] {logging_mixin.py:188} INFO - [2026-07-21T10:31:33.295+0000] {dag.py:3089} INFO - Sync 1 DAGs
[2026-07-21T10:31:33.313+0000] {logging_mixin.py:188} INFO - [2026-07-21T10:31:33.313+0000] {dag.py:3947} INFO - Setting next_dagrun for marketpulse_pipeline to 2026-07-20 00:00:00+00:00, run_after=2026-07-21 00:00:00+00:00
[2026-07-21T10:31:33.328+0000] {processor.py:183} INFO - Processing /opt/airflow/dags/marketpulse_pipeline.py took 0.164 seconds
[2026-07-21T10:32:03.432+0000] {processor.py:161} INFO - Started process (PID=178) to work on /opt/airflow/dags/marketpulse_pipeline.py
[2026-07-21T10:32:03.433+0000] {processor.py:830} INFO - Processing file /opt/airflow/dags/marketpulse_pipeline.py for tasks to queue
[2026-07-21T10:32:03.434+0000] {logging_mixin.py:188} INFO - [2026-07-21T10:32:03.434+0000] {dagbag.py:545} INFO - Filling up the DagBag from /opt/airflow/dags/marketpulse_pipeline.py
[2026-07-21T10:32:03.444+0000] {processor.py:840} INFO - DAG(s) 'marketpulse_pipeline' retrieved from /opt/airflow/dags/marketpulse_pipeline.py
[2026-07-21T10:32:03.469+0000] {logging_mixin.py:188} INFO - [2026-07-21T10:32:03.468+0000] {dag.py:3089} INFO - Sync 1 DAGs
[2026-07-21T10:32:03.491+0000] {logging_mixin.py:188} INFO - [2026-07-21T10:32:03.491+0000] {dag.py:3947} INFO - Setting next_dagrun for marketpulse_pipeline to 2026-07-20 00:00:00+00:00, run_after=2026-07-21 00:00:00+00:00
[2026-07-21T10:32:03.506+0000] {processor.py:183} INFO - Processing /opt/airflow/dags/marketpulse_pipeline.py took 0.079 seconds
[2026-07-21T10:32:33.558+0000] {processor.py:161} INFO - Started process (PID=183) to work on /opt/airflow/dags/marketpulse_pipeline.py
[2026-07-21T10:32:33.559+0000] {processor.py:830} INFO - Processing file /opt/airflow/dags/marketpulse_pipeline.py for tasks to queue
[2026-07-21T10:32:33.561+0000] {logging_mixin.py:188} INFO - [2026-07-21T10:32:33.561+0000] {dagbag.py:545} INFO - Filling up the DagBag from /opt/airflow/dags/marketpulse_pipeline.py
[2026-07-21T10:32:33.573+0000] {processor.py:840} INFO - DAG(s) 'marketpulse_pipeline' retrieved from /opt/airflow/dags/marketpulse_pipeline.py
[2026-07-21T10:32:33.601+0000] {logging_mixin.py:188} INFO - [2026-07-21T10:32:33.601+0000] {dag.py:3089} INFO - Sync 1 DAGs
[2026-07-21T10:32:33.621+0000] {logging_mixin.py:188} INFO - [2026-07-21T10:32:33.621+0000] {dag.py:3947} INFO - Setting next_dagrun for marketpulse_pipeline to 2026-07-20 00:00:00+00:00, run_after=2026-07-21 00:00:00+00:00
[2026-07-21T10:32:33.638+0000] {processor.py:183} INFO - Processing /opt/airflow/dags/marketpulse_pipeline.py took 0.085 seconds
[2026-07-21T10:33:03.785+0000] {processor.py:161} INFO - Started process (PID=188) to work on /opt/airflow/dags/marketpulse_pipeline.py
[2026-07-21T10:33:03.788+0000] {processor.py:830} INFO - Processing file /opt/airflow/dags/marketpulse_pipeline.py for tasks to queue
[2026-07-21T10:33:03.792+0000] {logging_mixin.py:188} INFO - [2026-07-21T10:33:03.790+0000] {dagbag.py:545} INFO - Filling up the DagBag from /opt/airflow/dags/marketpulse_pipeline.py
[2026-07-21T10:33:03.826+0000] {processor.py:840} INFO - DAG(s) 'marketpulse_pipeline' retrieved from /opt/airflow/dags/marketpulse_pipeline.py
[2026-07-21T10:33:03.959+0000] {logging_mixin.py:188} INFO - [2026-07-21T10:33:03.958+0000] {dag.py:3089} INFO - Sync 1 DAGs
[2026-07-21T10:33:03.991+0000] {logging_mixin.py:188} INFO - [2026-07-21T10:33:03.991+0000] {dag.py:3947} INFO - Setting next_dagrun for marketpulse_pipeline to 2026-07-20 00:00:00+00:00, run_after=2026-07-21 00:00:00+00:00
[2026-07-21T10:33:04.013+0000] {processor.py:183} INFO - Processing /opt/airflow/dags/marketpulse_pipeline.py took 0.246 seconds
[2026-07-21T10:33:34.153+0000] {processor.py:161} INFO - Started process (PID=193) to work on /opt/airflow/dags/marketpulse_pipeline.py
[2026-07-21T10:33:34.153+0000] {processor.py:830} INFO - Processing file /opt/airflow/dags/marketpulse_pipeline.py for tasks to queue
[2026-07-21T10:33:34.155+0000] {logging_mixin.py:188} INFO - [2026-07-21T10:33:34.155+0000] {dagbag.py:545} INFO - Filling up the DagBag from /opt/airflow/dags/marketpulse_pipeline.py
[2026-07-21T10:33:34.165+0000] {processor.py:840} INFO - DAG(s) 'marketpulse_pipeline' retrieved from /opt/airflow/dags/marketpulse_pipeline.py
[2026-07-21T10:33:34.175+0000] {logging_mixin.py:188} INFO - [2026-07-21T10:33:34.175+0000] {dag.py:3089} INFO - Sync 1 DAGs
[2026-07-21T10:33:34.195+0000] {logging_mixin.py:188} INFO - [2026-07-21T10:33:34.195+0000] {dag.py:3947} INFO - Setting next_dagrun for marketpulse_pipeline to 2026-07-20 00:00:00+00:00, run_after=2026-07-21 00:00:00+00:00
[2026-07-21T10:33:34.211+0000] {processor.py:183} INFO - Processing /opt/airflow/dags/marketpulse_pipeline.py took 0.063 seconds
[2026-07-21T10:34:04.288+0000] {processor.py:161} INFO - Started process (PID=198) to work on /opt/airflow/dags/marketpulse_pipeline.py
[2026-07-21T10:34:04.289+0000] {processor.py:830} INFO - Processing file /opt/airflow/dags/marketpulse_pipeline.py for tasks to queue
[2026-07-21T10:34:04.290+0000] {logging_mixin.py:188} INFO - [2026-07-21T10:34:04.290+0000] {dagbag.py:545} INFO - Filling up the DagBag from /opt/airflow/dags/marketpulse_pipeline.py
[2026-07-21T10:34:04.300+0000] {processor.py:840} INFO - DAG(s) 'marketpulse_pipeline' retrieved from /opt/airflow/dags/marketpulse_pipeline.py
[2026-07-21T10:34:04.405+0000] {logging_mixin.py:188} INFO - [2026-07-21T10:34:04.405+0000] {dag.py:3089} INFO - Sync 1 DAGs
[2026-07-21T10:34:04.422+0000] {logging_mixin.py:188} INFO - [2026-07-21T10:34:04.422+0000] {dag.py:3947} INFO - Setting next_dagrun for marketpulse_pipeline to 2026-07-20 00:00:00+00:00, run_after=2026-07-21 00:00:00+00:00
[2026-07-21T10:34:04.439+0000] {processor.py:183} INFO - Processing /opt/airflow/dags/marketpulse_pipeline.py took 0.156 seconds
[2026-07-21T10:34:34.548+0000] {processor.py:161} INFO - Started process (PID=203) to work on /opt/airflow/dags/marketpulse_pipeline.py
[2026-07-21T10:34:34.549+0000] {processor.py:830} INFO - Processing file /opt/airflow/dags/marketpulse_pipeline.py for tasks to queue
[2026-07-21T10:34:34.550+0000] {logging_mixin.py:188} INFO - [2026-07-21T10:34:34.550+0000] {dagbag.py:545} INFO - Filling up the DagBag from /opt/airflow/dags/marketpulse_pipeline.py
[2026-07-21T10:34:34.560+0000] {processor.py:840} INFO - DAG(s) 'marketpulse_pipeline' retrieved from /opt/airflow/dags/marketpulse_pipeline.py
[2026-07-21T10:34:34.585+0000] {logging_mixin.py:188} INFO - [2026-07-21T10:34:34.585+0000] {dag.py:3089} INFO - Sync 1 DAGs
[2026-07-21T10:34:34.604+0000] {logging_mixin.py:188} INFO - [2026-07-21T10:34:34.604+0000] {dag.py:3947} INFO - Setting next_dagrun for marketpulse_pipeline to 2026-07-20 00:00:00+00:00, run_after=2026-07-21 00:00:00+00:00
[2026-07-21T10:34:34.620+0000] {processor.py:183} INFO - Processing /opt/airflow/dags/marketpulse_pipeline.py took 0.077 seconds
[2026-07-21T10:35:04.688+0000] {processor.py:161} INFO - Started process (PID=208) to work on /opt/airflow/dags/marketpulse_pipeline.py
[2026-07-21T10:35:04.689+0000] {processor.py:830} INFO - Processing file /opt/airflow/dags/marketpulse_pipeline.py for tasks to queue
[2026-07-21T10:35:04.690+0000] {logging_mixin.py:188} INFO - [2026-07-21T10:35:04.690+0000] {dagbag.py:545} INFO - Filling up the DagBag from /opt/airflow/dags/marketpulse_pipeline.py
[2026-07-21T10:35:04.700+0000] {processor.py:840} INFO - DAG(s) 'marketpulse_pipeline' retrieved from /opt/airflow/dags/marketpulse_pipeline.py
[2026-07-21T10:35:04.726+0000] {logging_mixin.py:188} INFO - [2026-07-21T10:35:04.726+0000] {dag.py:3089} INFO - Sync 1 DAGs
[2026-07-21T10:35:04.746+0000] {logging_mixin.py:188} INFO - [2026-07-21T10:35:04.746+0000] {dag.py:3947} INFO - Setting next_dagrun for marketpulse_pipeline to 2026-07-20 00:00:00+00:00, run_after=2026-07-21 00:00:00+00:00
[2026-07-21T10:35:04.763+0000] {processor.py:183} INFO - Processing /opt/airflow/dags/marketpulse_pipeline.py took 0.081 seconds
[2026-07-21T10:35:34.841+0000] {processor.py:161} INFO - Started process (PID=213) to work on /opt/airflow/dags/marketpulse_pipeline.py
[2026-07-21T10:35:34.841+0000] {processor.py:830} INFO - Processing file /opt/airflow/dags/marketpulse_pipeline.py for tasks to queue
[2026-07-21T10:35:34.843+0000] {logging_mixin.py:188} INFO - [2026-07-21T10:35:34.843+0000] {dagbag.py:545} INFO - Filling up the DagBag from /opt/airflow/dags/marketpulse_pipeline.py
[2026-07-21T10:35:34.853+0000] {processor.py:840} INFO - DAG(s) 'marketpulse_pipeline' retrieved from /opt/airflow/dags/marketpulse_pipeline.py
[2026-07-21T10:35:34.878+0000] {logging_mixin.py:188} INFO - [2026-07-21T10:35:34.878+0000] {dag.py:3089} INFO - Sync 1 DAGs
[2026-07-21T10:35:34.897+0000] {logging_mixin.py:188} INFO - [2026-07-21T10:35:34.897+0000] {dag.py:3947} INFO - Setting next_dagrun for marketpulse_pipeline to 2026-07-20 00:00:00+00:00, run_after=2026-07-21 00:00:00+00:00
[2026-07-21T10:35:34.913+0000] {processor.py:183} INFO - Processing /opt/airflow/dags/marketpulse_pipeline.py took 0.078 seconds
[2026-07-21T10:36:04.978+0000] {processor.py:161} INFO - Started process (PID=218) to work on /opt/airflow/dags/marketpulse_pipeline.py
[2026-07-21T10:36:04.978+0000] {processor.py:830} INFO - Processing file /opt/airflow/dags/marketpulse_pipeline.py for tasks to queue
[2026-07-21T10:36:04.980+0000] {logging_mixin.py:188} INFO - [2026-07-21T10:36:04.979+0000] {dagbag.py:545} INFO - Filling up the DagBag from /opt/airflow/dags/marketpulse_pipeline.py
[2026-07-21T10:36:04.990+0000] {processor.py:840} INFO - DAG(s) 'marketpulse_pipeline' retrieved from /opt/airflow/dags/marketpulse_pipeline.py
[2026-07-21T10:36:05.023+0000] {logging_mixin.py:188} INFO - [2026-07-21T10:36:05.023+0000] {dag.py:3089} INFO - Sync 1 DAGs
[2026-07-21T10:36:05.059+0000] {logging_mixin.py:188} INFO - [2026-07-21T10:36:05.059+0000] {dag.py:3947} INFO - Setting next_dagrun for marketpulse_pipeline to 2026-07-20 00:00:00+00:00, run_after=2026-07-21 00:00:00+00:00
[2026-07-21T10:36:05.082+0000] {processor.py:183} INFO - Processing /opt/airflow/dags/marketpulse_pipeline.py took 0.109 seconds
[2026-07-21T10:37:23.575+0000] {processor.py:161} INFO - Started process (PID=156) to work on /opt/airflow/dags/marketpulse_pipeline.py
[2026-07-21T10:37:23.582+0000] {processor.py:830} INFO - Processing file /opt/airflow/dags/marketpulse_pipeline.py for tasks to queue
[2026-07-21T10:37:23.591+0000] {logging_mixin.py:188} INFO - [2026-07-21T10:37:23.591+0000] {dagbag.py:545} INFO - Filling up the DagBag from /opt/airflow/dags/marketpulse_pipeline.py
[2026-07-21T10:37:23.668+0000] {processor.py:840} INFO - DAG(s) 'marketpulse_pipeline' retrieved from /opt/airflow/dags/marketpulse_pipeline.py
[2026-07-21T10:37:23.727+0000] {logging_mixin.py:188} INFO - [2026-07-21T10:37:23.726+0000] {dag.py:3089} INFO - Sync 1 DAGs
[2026-07-21T10:37:23.761+0000] {logging_mixin.py:188} INFO - [2026-07-21T10:37:23.761+0000] {dag.py:3947} INFO - Setting next_dagrun for marketpulse_pipeline to 2026-07-20 00:00:00+00:00, run_after=2026-07-21 00:00:00+00:00
[2026-07-21T10:37:23.813+0000] {processor.py:183} INFO - Processing /opt/airflow/dags/marketpulse_pipeline.py took 0.247 seconds
[2026-07-21T10:37:53.987+0000] {processor.py:161} INFO - Started process (PID=162) to work on /opt/airflow/dags/marketpulse_pipeline.py
[2026-07-21T10:37:53.988+0000] {processor.py:830} INFO - Processing file /opt/airflow/dags/marketpulse_pipeline.py for tasks to queue
[2026-07-21T10:37:53.991+0000] {logging_mixin.py:188} INFO - [2026-07-21T10:37:53.990+0000] {dagbag.py:545} INFO - Filling up the DagBag from /opt/airflow/dags/marketpulse_pipeline.py
[2026-07-21T10:37:54.006+0000] {processor.py:840} INFO - DAG(s) 'marketpulse_pipeline' retrieved from /opt/airflow/dags/marketpulse_pipeline.py
[2026-07-21T10:37:54.424+0000] {logging_mixin.py:188} INFO - [2026-07-21T10:37:54.424+0000] {dag.py:3089} INFO - Sync 1 DAGs
[2026-07-21T10:37:54.441+0000] {logging_mixin.py:188} INFO - [2026-07-21T10:37:54.441+0000] {dag.py:3947} INFO - Setting next_dagrun for marketpulse_pipeline to 2026-07-20 00:00:00+00:00, run_after=2026-07-21 00:00:00+00:00
[2026-07-21T10:37:54.459+0000] {processor.py:183} INFO - Processing /opt/airflow/dags/marketpulse_pipeline.py took 0.477 seconds
[2026-07-21T10:38:24.607+0000] {processor.py:161} INFO - Started process (PID=167) to work on /opt/airflow/dags/marketpulse_pipeline.py
[2026-07-21T10:38:24.608+0000] {processor.py:830} INFO - Processing file /opt/airflow/dags/marketpulse_pipeline.py for tasks to queue
[2026-07-21T10:38:24.609+0000] {logging_mixin.py:188} INFO - [2026-07-21T10:38:24.609+0000] {dagbag.py:545} INFO - Filling up the DagBag from /opt/airflow/dags/marketpulse_pipeline.py
[2026-07-21T10:38:24.620+0000] {processor.py:840} INFO - DAG(s) 'marketpulse_pipeline' retrieved from /opt/airflow/dags/marketpulse_pipeline.py
[2026-07-21T10:38:24.646+0000] {logging_mixin.py:188} INFO - [2026-07-21T10:38:24.646+0000] {dag.py:3089} INFO - Sync 1 DAGs
[2026-07-21T10:38:24.667+0000] {logging_mixin.py:188} INFO - [2026-07-21T10:38:24.666+0000] {dag.py:3947} INFO - Setting next_dagrun for marketpulse_pipeline to 2026-07-20 00:00:00+00:00, run_after=2026-07-21 00:00:00+00:00
[2026-07-21T10:38:24.684+0000] {processor.py:183} INFO - Processing /opt/airflow/dags/marketpulse_pipeline.py took 0.085 seconds
[2026-07-21T10:38:54.725+0000] {processor.py:161} INFO - Started process (PID=172) to work on /opt/airflow/dags/marketpulse_pipeline.py
[2026-07-21T10:38:54.726+0000] {processor.py:830} INFO - Processing file /opt/airflow/dags/marketpulse_pipeline.py for tasks to queue
[2026-07-21T10:38:54.727+0000] {logging_mixin.py:188} INFO - [2026-07-21T10:38:54.727+0000] {dagbag.py:545} INFO - Filling up the DagBag from /opt/airflow/dags/marketpulse_pipeline.py
[2026-07-21T10:38:54.737+0000] {processor.py:840} INFO - DAG(s) 'marketpulse_pipeline' retrieved from /opt/airflow/dags/marketpulse_pipeline.py
[2026-07-21T10:38:54.765+0000] {logging_mixin.py:188} INFO - [2026-07-21T10:38:54.765+0000] {dag.py:3089} INFO - Sync 1 DAGs
[2026-07-21T10:38:54.789+0000] {logging_mixin.py:188} INFO - [2026-07-21T10:38:54.789+0000] {dag.py:3947} INFO - Setting next_dagrun for marketpulse_pipeline to 2026-07-20 00:00:00+00:00, run_after=2026-07-21 00:00:00+00:00
[2026-07-21T10:38:54.815+0000] {processor.py:183} INFO - Processing /opt/airflow/dags/marketpulse_pipeline.py took 0.095 seconds
[2026-07-21T10:39:24.957+0000] {processor.py:161} INFO - Started process (PID=187) to work on /opt/airflow/dags/marketpulse_pipeline.py
[2026-07-21T10:39:24.958+0000] {processor.py:830} INFO - Processing file /opt/airflow/dags/marketpulse_pipeline.py for tasks to queue
[2026-07-21T10:39:24.959+0000] {logging_mixin.py:188} INFO - [2026-07-21T10:39:24.959+0000] {dagbag.py:545} INFO - Filling up the DagBag from /opt/airflow/dags/marketpulse_pipeline.py
[2026-07-21T10:39:24.971+0000] {processor.py:840} INFO - DAG(s) 'marketpulse_pipeline' retrieved from /opt/airflow/dags/marketpulse_pipeline.py
[2026-07-21T10:39:25.001+0000] {logging_mixin.py:188} INFO - [2026-07-21T10:39:25.001+0000] {dag.py:3089} INFO - Sync 1 DAGs
[2026-07-21T10:39:25.022+0000] {logging_mixin.py:188} INFO - [2026-07-21T10:39:25.021+0000] {dag.py:3947} INFO - Setting next_dagrun for marketpulse_pipeline to 2026-07-21 00:00:00+00:00, run_after=2026-07-22 00:00:00+00:00
[2026-07-21T10:39:25.038+0000] {processor.py:183} INFO - Processing /opt/airflow/dags/marketpulse_pipeline.py took 0.086 seconds
[2026-07-21T10:39:55.096+0000] {processor.py:161} INFO - Started process (PID=192) to work on /opt/airflow/dags/marketpulse_pipeline.py
[2026-07-21T10:39:55.097+0000] {processor.py:830} INFO - Processing file /opt/airflow/dags/marketpulse_pipeline.py for tasks to queue
[2026-07-21T10:39:55.099+0000] {logging_mixin.py:188} INFO - [2026-07-21T10:39:55.098+0000] {dagbag.py:545} INFO - Filling up the DagBag from /opt/airflow/dags/marketpulse_pipeline.py
[2026-07-21T10:39:55.108+0000] {processor.py:840} INFO - DAG(s) 'marketpulse_pipeline' retrieved from /opt/airflow/dags/marketpulse_pipeline.py
[2026-07-21T10:39:55.134+0000] {logging_mixin.py:188} INFO - [2026-07-21T10:39:55.133+0000] {dag.py:3089} INFO - Sync 1 DAGs
[2026-07-21T10:39:55.154+0000] {logging_mixin.py:188} INFO - [2026-07-21T10:39:55.154+0000] {dag.py:3947} INFO - Setting next_dagrun for marketpulse_pipeline to 2026-07-21 00:00:00+00:00, run_after=2026-07-22 00:00:00+00:00
[2026-07-21T10:39:55.175+0000] {processor.py:183} INFO - Processing /opt/airflow/dags/marketpulse_pipeline.py took 0.086 seconds
[2026-07-21T10:40:25.291+0000] {processor.py:161} INFO - Started process (PID=197) to work on /opt/airflow/dags/marketpulse_pipeline.py
[2026-07-21T10:40:25.292+0000] {processor.py:830} INFO - Processing file /opt/airflow/dags/marketpulse_pipeline.py for tasks to queue
[2026-07-21T10:40:25.293+0000] {logging_mixin.py:188} INFO - [2026-07-21T10:40:25.293+0000] {dagbag.py:545} INFO - Filling up the DagBag from /opt/airflow/dags/marketpulse_pipeline.py
[2026-07-21T10:40:25.303+0000] {processor.py:840} INFO - DAG(s) 'marketpulse_pipeline' retrieved from /opt/airflow/dags/marketpulse_pipeline.py
[2026-07-21T10:40:25.334+0000] {logging_mixin.py:188} INFO - [2026-07-21T10:40:25.334+0000] {dag.py:3089} INFO - Sync 1 DAGs
[2026-07-21T10:40:25.354+0000] {logging_mixin.py:188} INFO - [2026-07-21T10:40:25.354+0000] {dag.py:3947} INFO - Setting next_dagrun for marketpulse_pipeline to 2026-07-21 00:00:00+00:00, run_after=2026-07-22 00:00:00+00:00
[2026-07-21T10:40:25.373+0000] {processor.py:183} INFO - Processing /opt/airflow/dags/marketpulse_pipeline.py took 0.087 seconds
[2026-07-21T10:40:55.411+0000] {processor.py:161} INFO - Started process (PID=202) to work on /opt/airflow/dags/marketpulse_pipeline.py
[2026-07-21T10:40:55.411+0000] {processor.py:830} INFO - Processing file /opt/airflow/dags/marketpulse_pipeline.py for tasks to queue
[2026-07-21T10:40:55.412+0000] {logging_mixin.py:188} INFO - [2026-07-21T10:40:55.412+0000] {dagbag.py:545} INFO - Filling up the DagBag from /opt/airflow/dags/marketpulse_pipeline.py
[2026-07-21T10:40:55.422+0000] {processor.py:840} INFO - DAG(s) 'marketpulse_pipeline' retrieved from /opt/airflow/dags/marketpulse_pipeline.py
[2026-07-21T10:40:55.447+0000] {logging_mixin.py:188} INFO - [2026-07-21T10:40:55.447+0000] {dag.py:3089} INFO - Sync 1 DAGs
[2026-07-21T10:40:55.468+0000] {logging_mixin.py:188} INFO - [2026-07-21T10:40:55.468+0000] {dag.py:3947} INFO - Setting next_dagrun for marketpulse_pipeline to 2026-07-21 00:00:00+00:00, run_after=2026-07-22 00:00:00+00:00
[2026-07-21T10:40:55.493+0000] {processor.py:183} INFO - Processing /opt/airflow/dags/marketpulse_pipeline.py took 0.088 seconds
[2026-07-21T10:41:25.620+0000] {processor.py:161} INFO - Started process (PID=207) to work on /opt/airflow/dags/marketpulse_pipeline.py
[2026-07-21T10:41:25.621+0000] {processor.py:830} INFO - Processing file /opt/airflow/dags/marketpulse_pipeline.py for tasks to queue
[2026-07-21T10:41:25.623+0000] {logging_mixin.py:188} INFO - [2026-07-21T10:41:25.622+0000] {dagbag.py:545} INFO - Filling up the DagBag from /opt/airflow/dags/marketpulse_pipeline.py
[2026-07-21T10:41:25.637+0000] {processor.py:840} INFO - DAG(s) 'marketpulse_pipeline' retrieved from /opt/airflow/dags/marketpulse_pipeline.py
[2026-07-21T10:41:25.675+0000] {logging_mixin.py:188} INFO - [2026-07-21T10:41:25.675+0000] {dag.py:3089} INFO - Sync 1 DAGs
[2026-07-21T10:41:25.701+0000] {logging_mixin.py:188} INFO - [2026-07-21T10:41:25.701+0000] {dag.py:3947} INFO - Setting next_dagrun for marketpulse_pipeline to 2026-07-21 00:00:00+00:00, run_after=2026-07-22 00:00:00+00:00
[2026-07-21T10:41:25.721+0000] {processor.py:183} INFO - Processing /opt/airflow/dags/marketpulse_pipeline.py took 0.109 seconds
[2026-07-21T10:41:55.855+0000] {processor.py:161} INFO - Started process (PID=212) to work on /opt/airflow/dags/marketpulse_pipeline.py
[2026-07-21T10:41:55.856+0000] {processor.py:830} INFO - Processing file /opt/airflow/dags/marketpulse_pipeline.py for tasks to queue
[2026-07-21T10:41:55.857+0000] {logging_mixin.py:188} INFO - [2026-07-21T10:41:55.857+0000] {dagbag.py:545} INFO - Filling up the DagBag from /opt/airflow/dags/marketpulse_pipeline.py
[2026-07-21T10:41:55.871+0000] {processor.py:840} INFO - DAG(s) 'marketpulse_pipeline' retrieved from /opt/airflow/dags/marketpulse_pipeline.py
[2026-07-21T10:41:55.918+0000] {logging_mixin.py:188} INFO - [2026-07-21T10:41:55.918+0000] {dag.py:3089} INFO - Sync 1 DAGs
[2026-07-21T10:41:55.970+0000] {logging_mixin.py:188} INFO - [2026-07-21T10:41:55.968+0000] {dag.py:3947} INFO - Setting next_dagrun for marketpulse_pipeline to 2026-07-21 00:00:00+00:00, run_after=2026-07-22 00:00:00+00:00
[2026-07-21T10:41:56.007+0000] {processor.py:183} INFO - Processing /opt/airflow/dags/marketpulse_pipeline.py took 0.157 seconds
[2026-07-21T10:42:26.147+0000] {processor.py:161} INFO - Started process (PID=217) to work on /opt/airflow/dags/marketpulse_pipeline.py
[2026-07-21T10:42:26.148+0000] {processor.py:830} INFO - Processing file /opt/airflow/dags/marketpulse_pipeline.py for tasks to queue
[2026-07-21T10:42:26.150+0000] {logging_mixin.py:188} INFO - [2026-07-21T10:42:26.149+0000] {dagbag.py:545} INFO - Filling up the DagBag from /opt/airflow/dags/marketpulse_pipeline.py
[2026-07-21T10:42:26.159+0000] {processor.py:840} INFO - DAG(s) 'marketpulse_pipeline' retrieved from /opt/airflow/dags/marketpulse_pipeline.py
[2026-07-21T10:42:26.185+0000] {logging_mixin.py:188} INFO - [2026-07-21T10:42:26.185+0000] {dag.py:3089} INFO - Sync 1 DAGs
[2026-07-21T10:42:26.210+0000] {logging_mixin.py:188} INFO - [2026-07-21T10:42:26.210+0000] {dag.py:3947} INFO - Setting next_dagrun for marketpulse_pipeline to 2026-07-21 00:00:00+00:00, run_after=2026-07-22 00:00:00+00:00
[2026-07-21T10:42:26.225+0000] {processor.py:183} INFO - Processing /opt/airflow/dags/marketpulse_pipeline.py took 0.083 seconds
[2026-07-21T10:42:56.263+0000] {processor.py:161} INFO - Started process (PID=222) to work on /opt/airflow/dags/marketpulse_pipeline.py
[2026-07-21T10:42:56.264+0000] {processor.py:830} INFO - Processing file /opt/airflow/dags/marketpulse_pipeline.py for tasks to queue
[2026-07-21T10:42:56.265+0000] {logging_mixin.py:188} INFO - [2026-07-21T10:42:56.265+0000] {dagbag.py:545} INFO - Filling up the DagBag from /opt/airflow/dags/marketpulse_pipeline.py
[2026-07-21T10:42:56.277+0000] {processor.py:840} INFO - DAG(s) 'marketpulse_pipeline' retrieved from /opt/airflow/dags/marketpulse_pipeline.py
[2026-07-21T10:42:56.309+0000] {logging_mixin.py:188} INFO - [2026-07-21T10:42:56.309+0000] {dag.py:3089} INFO - Sync 1 DAGs
[2026-07-21T10:42:56.337+0000] {logging_mixin.py:188} INFO - [2026-07-21T10:42:56.337+0000] {dag.py:3947} INFO - Setting next_dagrun for marketpulse_pipeline to 2026-07-21 00:00:00+00:00, run_after=2026-07-22 00:00:00+00:00
[2026-07-21T10:42:56.355+0000] {processor.py:183} INFO - Processing /opt/airflow/dags/marketpulse_pipeline.py took 0.098 seconds
[2026-07-21T10:43:26.456+0000] {processor.py:161} INFO - Started process (PID=227) to work on /opt/airflow/dags/marketpulse_pipeline.py
[2026-07-21T10:43:26.456+0000] {processor.py:830} INFO - Processing file /opt/airflow/dags/marketpulse_pipeline.py for tasks to queue
[2026-07-21T10:43:26.457+0000] {logging_mixin.py:188} INFO - [2026-07-21T10:43:26.457+0000] {dagbag.py:545} INFO - Filling up the DagBag from /opt/airflow/dags/marketpulse_pipeline.py
[2026-07-21T10:43:26.469+0000] {processor.py:840} INFO - DAG(s) 'marketpulse_pipeline' retrieved from /opt/airflow/dags/marketpulse_pipeline.py
[2026-07-21T10:43:26.497+0000] {logging_mixin.py:188} INFO - [2026-07-21T10:43:26.497+0000] {dag.py:3089} INFO - Sync 1 DAGs
[2026-07-21T10:43:26.516+0000] {logging_mixin.py:188} INFO - [2026-07-21T10:43:26.516+0000] {dag.py:3947} INFO - Setting next_dagrun for marketpulse_pipeline to 2026-07-21 00:00:00+00:00, run_after=2026-07-22 00:00:00+00:00
[2026-07-21T10:43:26.533+0000] {processor.py:183} INFO - Processing /opt/airflow/dags/marketpulse_pipeline.py took 0.083 seconds
[2026-07-21T10:43:56.587+0000] {processor.py:161} INFO - Started process (PID=232) to work on /opt/airflow/dags/marketpulse_pipeline.py
[2026-07-21T10:43:56.588+0000] {processor.py:830} INFO - Processing file /opt/airflow/dags/marketpulse_pipeline.py for tasks to queue
[2026-07-21T10:43:56.589+0000] {logging_mixin.py:188} INFO - [2026-07-21T10:43:56.589+0000] {dagbag.py:545} INFO - Filling up the DagBag from /opt/airflow/dags/marketpulse_pipeline.py
[2026-07-21T10:43:56.599+0000] {processor.py:840} INFO - DAG(s) 'marketpulse_pipeline' retrieved from /opt/airflow/dags/marketpulse_pipeline.py
[2026-07-21T10:43:56.629+0000] {logging_mixin.py:188} INFO - [2026-07-21T10:43:56.629+0000] {dag.py:3089} INFO - Sync 1 DAGs
[2026-07-21T10:43:56.649+0000] {logging_mixin.py:188} INFO - [2026-07-21T10:43:56.649+0000] {dag.py:3947} INFO - Setting next_dagrun for marketpulse_pipeline to 2026-07-21 00:00:00+00:00, run_after=2026-07-22 00:00:00+00:00
[2026-07-21T10:43:56.665+0000] {processor.py:183} INFO - Processing /opt/airflow/dags/marketpulse_pipeline.py took 0.083 seconds
[2026-07-21T10:44:26.793+0000] {processor.py:161} INFO - Started process (PID=247) to work on /opt/airflow/dags/marketpulse_pipeline.py
[2026-07-21T10:44:26.793+0000] {processor.py:830} INFO - Processing file /opt/airflow/dags/marketpulse_pipeline.py for tasks to queue
[2026-07-21T10:44:26.795+0000] {logging_mixin.py:188} INFO - [2026-07-21T10:44:26.795+0000] {dagbag.py:545} INFO - Filling up the DagBag from /opt/airflow/dags/marketpulse_pipeline.py
[2026-07-21T10:44:26.805+0000] {processor.py:840} INFO - DAG(s) 'marketpulse_pipeline' retrieved from /opt/airflow/dags/marketpulse_pipeline.py
[2026-07-21T10:44:26.832+0000] {logging_mixin.py:188} INFO - [2026-07-21T10:44:26.832+0000] {dag.py:3089} INFO - Sync 1 DAGs
[2026-07-21T10:44:26.853+0000] {logging_mixin.py:188} INFO - [2026-07-21T10:44:26.852+0000] {dag.py:3947} INFO - Setting next_dagrun for marketpulse_pipeline to 2026-07-21 00:00:00+00:00, run_after=2026-07-22 00:00:00+00:00
[2026-07-21T10:44:26.873+0000] {processor.py:183} INFO - Processing /opt/airflow/dags/marketpulse_pipeline.py took 0.087 seconds
[2026-07-21T10:44:56.920+0000] {processor.py:161} INFO - Started process (PID=252) to work on /opt/airflow/dags/marketpulse_pipeline.py
[2026-07-21T10:44:56.921+0000] {processor.py:830} INFO - Processing file /opt/airflow/dags/marketpulse_pipeline.py for tasks to queue
[2026-07-21T10:44:56.922+0000] {logging_mixin.py:188} INFO - [2026-07-21T10:44:56.922+0000] {dagbag.py:545} INFO - Filling up the DagBag from /opt/airflow/dags/marketpulse_pipeline.py
[2026-07-21T10:44:56.932+0000] {processor.py:840} INFO - DAG(s) 'marketpulse_pipeline' retrieved from /opt/airflow/dags/marketpulse_pipeline.py
[2026-07-21T10:44:56.957+0000] {logging_mixin.py:188} INFO - [2026-07-21T10:44:56.957+0000] {dag.py:3089} INFO - Sync 1 DAGs
[2026-07-21T10:44:56.979+0000] {logging_mixin.py:188} INFO - [2026-07-21T10:44:56.979+0000] {dag.py:3947} INFO - Setting next_dagrun for marketpulse_pipeline to 2026-07-21 00:00:00+00:00, run_after=2026-07-22 00:00:00+00:00
[2026-07-21T10:44:56.995+0000] {processor.py:183} INFO - Processing /opt/airflow/dags/marketpulse_pipeline.py took 0.080 seconds
[2026-07-21T10:45:27.096+0000] {processor.py:161} INFO - Started process (PID=257) to work on /opt/airflow/dags/marketpulse_pipeline.py
[2026-07-21T10:45:27.096+0000] {processor.py:830} INFO - Processing file /opt/airflow/dags/marketpulse_pipeline.py for tasks to queue
[2026-07-21T10:45:27.098+0000] {logging_mixin.py:188} INFO - [2026-07-21T10:45:27.098+0000] {dagbag.py:545} INFO - Filling up the DagBag from /opt/airflow/dags/marketpulse_pipeline.py
[2026-07-21T10:45:27.108+0000] {processor.py:840} INFO - DAG(s) 'marketpulse_pipeline' retrieved from /opt/airflow/dags/marketpulse_pipeline.py
[2026-07-21T10:45:27.135+0000] {logging_mixin.py:188} INFO - [2026-07-21T10:45:27.135+0000] {dag.py:3089} INFO - Sync 1 DAGs
[2026-07-21T10:45:27.175+0000] {logging_mixin.py:188} INFO - [2026-07-21T10:45:27.175+0000] {dag.py:3947} INFO - Setting next_dagrun for marketpulse_pipeline to 2026-07-21 00:00:00+00:00, run_after=2026-07-22 00:00:00+00:00
[2026-07-21T10:45:27.217+0000] {processor.py:183} INFO - Processing /opt/airflow/dags/marketpulse_pipeline.py took 0.126 seconds
[2026-07-21T10:45:57.331+0000] {processor.py:161} INFO - Started process (PID=262) to work on /opt/airflow/dags/marketpulse_pipeline.py
[2026-07-21T10:45:57.332+0000] {processor.py:830} INFO - Processing file /opt/airflow/dags/marketpulse_pipeline.py for tasks to queue
[2026-07-21T10:45:57.333+0000] {logging_mixin.py:188} INFO - [2026-07-21T10:45:57.333+0000] {dagbag.py:545} INFO - Filling up the DagBag from /opt/airflow/dags/marketpulse_pipeline.py
[2026-07-21T10:45:57.343+0000] {processor.py:840} INFO - DAG(s) 'marketpulse_pipeline' retrieved from /opt/airflow/dags/marketpulse_pipeline.py
[2026-07-21T10:45:57.369+0000] {logging_mixin.py:188} INFO - [2026-07-21T10:45:57.368+0000] {dag.py:3089} INFO - Sync 1 DAGs
[2026-07-21T10:45:57.398+0000] {logging_mixin.py:188} INFO - [2026-07-21T10:45:57.398+0000] {dag.py:3947} INFO - Setting next_dagrun for marketpulse_pipeline to 2026-07-21 00:00:00+00:00, run_after=2026-07-22 00:00:00+00:00
[2026-07-21T10:45:57.432+0000] {processor.py:183} INFO - Processing /opt/airflow/dags/marketpulse_pipeline.py took 0.106 seconds
[2026-07-21T10:46:27.553+0000] {processor.py:161} INFO - Started process (PID=267) to work on /opt/airflow/dags/marketpulse_pipeline.py
[2026-07-21T10:46:27.554+0000] {processor.py:830} INFO - Processing file /opt/airflow/dags/marketpulse_pipeline.py for tasks to queue
[2026-07-21T10:46:27.556+0000] {logging_mixin.py:188} INFO - [2026-07-21T10:46:27.555+0000] {dagbag.py:545} INFO - Filling up the DagBag from /opt/airflow/dags/marketpulse_pipeline.py
[2026-07-21T10:46:27.566+0000] {processor.py:840} INFO - DAG(s) 'marketpulse_pipeline' retrieved from /opt/airflow/dags/marketpulse_pipeline.py
[2026-07-21T10:46:27.591+0000] {logging_mixin.py:188} INFO - [2026-07-21T10:46:27.591+0000] {dag.py:3089} INFO - Sync 1 DAGs
[2026-07-21T10:46:27.611+0000] {logging_mixin.py:188} INFO - [2026-07-21T10:46:27.611+0000] {dag.py:3947} INFO - Setting next_dagrun for marketpulse_pipeline to 2026-07-21 00:00:00+00:00, run_after=2026-07-22 00:00:00+00:00
[2026-07-21T10:46:27.626+0000] {processor.py:183} INFO - Processing /opt/airflow/dags/marketpulse_pipeline.py took 0.077 seconds
[2026-07-21T10:46:57.672+0000] {processor.py:161} INFO - Started process (PID=272) to work on /opt/airflow/dags/marketpulse_pipeline.py
[2026-07-21T10:46:57.672+0000] {processor.py:830} INFO - Processing file /opt/airflow/dags/marketpulse_pipeline.py for tasks to queue
[2026-07-21T10:46:57.674+0000] {logging_mixin.py:188} INFO - [2026-07-21T10:46:57.674+0000] {dagbag.py:545} INFO - Filling up the DagBag from /opt/airflow/dags/marketpulse_pipeline.py
[2026-07-21T10:46:57.685+0000] {processor.py:840} INFO - DAG(s) 'marketpulse_pipeline' retrieved from /opt/airflow/dags/marketpulse_pipeline.py
[2026-07-21T10:46:57.733+0000] {logging_mixin.py:188} INFO - [2026-07-21T10:46:57.732+0000] {dag.py:3089} INFO - Sync 1 DAGs
[2026-07-21T10:46:57.766+0000] {logging_mixin.py:188} INFO - [2026-07-21T10:46:57.766+0000] {dag.py:3947} INFO - Setting next_dagrun for marketpulse_pipeline to 2026-07-21 00:00:00+00:00, run_after=2026-07-22 00:00:00+00:00
[2026-07-21T10:46:57.791+0000] {processor.py:183} INFO - Processing /opt/airflow/dags/marketpulse_pipeline.py took 0.125 seconds
[2026-07-21T10:47:27.871+0000] {processor.py:161} INFO - Started process (PID=277) to work on /opt/airflow/dags/marketpulse_pipeline.py
[2026-07-21T10:47:27.872+0000] {processor.py:830} INFO - Processing file /opt/airflow/dags/marketpulse_pipeline.py for tasks to queue
[2026-07-21T10:47:27.874+0000] {logging_mixin.py:188} INFO - [2026-07-21T10:47:27.874+0000] {dagbag.py:545} INFO - Filling up the DagBag from /opt/airflow/dags/marketpulse_pipeline.py
[2026-07-21T10:47:27.888+0000] {processor.py:840} INFO - DAG(s) 'marketpulse_pipeline' retrieved from /opt/airflow/dags/marketpulse_pipeline.py
[2026-07-21T10:47:27.914+0000] {logging_mixin.py:188} INFO - [2026-07-21T10:47:27.913+0000] {dag.py:3089} INFO - Sync 1 DAGs
[2026-07-21T10:47:27.933+0000] {logging_mixin.py:188} INFO - [2026-07-21T10:47:27.933+0000] {dag.py:3947} INFO - Setting next_dagrun for marketpulse_pipeline to 2026-07-21 00:00:00+00:00, run_after=2026-07-22 00:00:00+00:00
[2026-07-21T10:47:27.949+0000] {processor.py:183} INFO - Processing /opt/airflow/dags/marketpulse_pipeline.py took 0.085 seconds
[2026-07-21T10:47:58.030+0000] {processor.py:161} INFO - Started process (PID=282) to work on /opt/airflow/dags/marketpulse_pipeline.py
[2026-07-21T10:47:58.031+0000] {processor.py:830} INFO - Processing file /opt/airflow/dags/marketpulse_pipeline.py for tasks to queue
[2026-07-21T10:47:58.032+0000] {logging_mixin.py:188} INFO - [2026-07-21T10:47:58.032+0000] {dagbag.py:545} INFO - Filling up the DagBag from /opt/airflow/dags/marketpulse_pipeline.py
[2026-07-21T10:47:58.046+0000] {processor.py:840} INFO - DAG(s) 'marketpulse_pipeline' retrieved from /opt/airflow/dags/marketpulse_pipeline.py
[2026-07-21T10:47:58.094+0000] {logging_mixin.py:188} INFO - [2026-07-21T10:47:58.093+0000] {dag.py:3089} INFO - Sync 1 DAGs
[2026-07-21T10:47:58.123+0000] {logging_mixin.py:188} INFO - [2026-07-21T10:47:58.123+0000] {dag.py:3947} INFO - Setting next_dagrun for marketpulse_pipeline to 2026-07-21 00:00:00+00:00, run_after=2026-07-22 00:00:00+00:00
[2026-07-21T10:47:58.141+0000] {processor.py:183} INFO - Processing /opt/airflow/dags/marketpulse_pipeline.py took 0.115 seconds
[2026-07-21T10:48:28.239+0000] {processor.py:161} INFO - Started process (PID=287) to work on /opt/airflow/dags/marketpulse_pipeline.py
[2026-07-21T10:48:28.239+0000] {processor.py:830} INFO - Processing file /opt/airflow/dags/marketpulse_pipeline.py for tasks to queue
[2026-07-21T10:48:28.241+0000] {logging_mixin.py:188} INFO - [2026-07-21T10:48:28.241+0000] {dagbag.py:545} INFO - Filling up the DagBag from /opt/airflow/dags/marketpulse_pipeline.py
[2026-07-21T10:48:28.252+0000] {processor.py:840} INFO - DAG(s) 'marketpulse_pipeline' retrieved from /opt/airflow/dags/marketpulse_pipeline.py
[2026-07-21T10:48:28.287+0000] {logging_mixin.py:188} INFO - [2026-07-21T10:48:28.287+0000] {dag.py:3089} INFO - Sync 1 DAGs
[2026-07-21T10:48:28.318+0000] {logging_mixin.py:188} INFO - [2026-07-21T10:48:28.317+0000] {dag.py:3947} INFO - Setting next_dagrun for marketpulse_pipeline to 2026-07-21 00:00:00+00:00, run_after=2026-07-22 00:00:00+00:00
[2026-07-21T10:48:28.332+0000] {processor.py:183} INFO - Processing /opt/airflow/dags/marketpulse_pipeline.py took 0.098 seconds
[2026-07-21T10:48:58.387+0000] {processor.py:161} INFO - Started process (PID=292) to work on /opt/airflow/dags/marketpulse_pipeline.py
[2026-07-21T10:48:58.387+0000] {processor.py:830} INFO - Processing file /opt/airflow/dags/marketpulse_pipeline.py for tasks to queue
[2026-07-21T10:48:58.389+0000] {logging_mixin.py:188} INFO - [2026-07-21T10:48:58.389+0000] {dagbag.py:545} INFO - Filling up the DagBag from /opt/airflow/dags/marketpulse_pipeline.py
[2026-07-21T10:48:58.406+0000] {processor.py:840} INFO - DAG(s) 'marketpulse_pipeline' retrieved from /opt/airflow/dags/marketpulse_pipeline.py
[2026-07-21T10:48:58.454+0000] {logging_mixin.py:188} INFO - [2026-07-21T10:48:58.453+0000] {dag.py:3089} INFO - Sync 1 DAGs
[2026-07-21T10:48:58.491+0000] {logging_mixin.py:188} INFO - [2026-07-21T10:48:58.490+0000] {dag.py:3947} INFO - Setting next_dagrun for marketpulse_pipeline to 2026-07-21 00:00:00+00:00, run_after=2026-07-22 00:00:00+00:00
[2026-07-21T10:48:58.541+0000] {processor.py:183} INFO - Processing /opt/airflow/dags/marketpulse_pipeline.py took 0.161 seconds
[2026-07-21T10:49:28.603+0000] {processor.py:161} INFO - Started process (PID=297) to work on /opt/airflow/dags/marketpulse_pipeline.py
[2026-07-21T10:49:28.603+0000] {processor.py:830} INFO - Processing file /opt/airflow/dags/marketpulse_pipeline.py for tasks to queue
[2026-07-21T10:49:28.605+0000] {logging_mixin.py:188} INFO - [2026-07-21T10:49:28.605+0000] {dagbag.py:545} INFO - Filling up the DagBag from /opt/airflow/dags/marketpulse_pipeline.py
[2026-07-21T10:49:28.623+0000] {processor.py:840} INFO - DAG(s) 'marketpulse_pipeline' retrieved from /opt/airflow/dags/marketpulse_pipeline.py
[2026-07-21T10:49:28.649+0000] {logging_mixin.py:188} INFO - [2026-07-21T10:49:28.649+0000] {dag.py:3089} INFO - Sync 1 DAGs
[2026-07-21T10:49:28.676+0000] {logging_mixin.py:188} INFO - [2026-07-21T10:49:28.676+0000] {dag.py:3947} INFO - Setting next_dagrun for marketpulse_pipeline to 2026-07-21 00:00:00+00:00, run_after=2026-07-22 00:00:00+00:00
[2026-07-21T10:49:28.693+0000] {processor.py:183} INFO - Processing /opt/airflow/dags/marketpulse_pipeline.py took 0.096 seconds
[2026-07-21T10:49:58.787+0000] {processor.py:161} INFO - Started process (PID=302) to work on /opt/airflow/dags/marketpulse_pipeline.py
[2026-07-21T10:49:58.787+0000] {processor.py:830} INFO - Processing file /opt/airflow/dags/marketpulse_pipeline.py for tasks to queue
[2026-07-21T10:49:58.789+0000] {logging_mixin.py:188} INFO - [2026-07-21T10:49:58.788+0000] {dagbag.py:545} INFO - Filling up the DagBag from /opt/airflow/dags/marketpulse_pipeline.py
[2026-07-21T10:49:58.799+0000] {processor.py:840} INFO - DAG(s) 'marketpulse_pipeline' retrieved from /opt/airflow/dags/marketpulse_pipeline.py
[2026-07-21T10:49:58.827+0000] {logging_mixin.py:188} INFO - [2026-07-21T10:49:58.826+0000] {dag.py:3089} INFO - Sync 1 DAGs
[2026-07-21T10:49:58.846+0000] {logging_mixin.py:188} INFO - [2026-07-21T10:49:58.846+0000] {dag.py:3947} INFO - Setting next_dagrun for marketpulse_pipeline to 2026-07-21 00:00:00+00:00, run_after=2026-07-22 00:00:00+00:00
[2026-07-21T10:49:58.871+0000] {processor.py:183} INFO - Processing /opt/airflow/dags/marketpulse_pipeline.py took 0.093 seconds
[2026-07-21T10:50:28.924+0000] {processor.py:161} INFO - Started process (PID=307) to work on /opt/airflow/dags/marketpulse_pipeline.py
[2026-07-21T10:50:28.925+0000] {processor.py:830} INFO - Processing file /opt/airflow/dags/marketpulse_pipeline.py for tasks to queue
[2026-07-21T10:50:28.927+0000] {logging_mixin.py:188} INFO - [2026-07-21T10:50:28.926+0000] {dagbag.py:545} INFO - Filling up the DagBag from /opt/airflow/dags/marketpulse_pipeline.py
[2026-07-21T10:50:28.941+0000] {processor.py:840} INFO - DAG(s) 'marketpulse_pipeline' retrieved from /opt/airflow/dags/marketpulse_pipeline.py
[2026-07-21T10:50:28.984+0000] {logging_mixin.py:188} INFO - [2026-07-21T10:50:28.983+0000] {dag.py:3089} INFO - Sync 1 DAGs
[2026-07-21T10:50:29.016+0000] {logging_mixin.py:188} INFO - [2026-07-21T10:50:29.016+0000] {dag.py:3947} INFO - Setting next_dagrun for marketpulse_pipeline to 2026-07-21 00:00:00+00:00, run_after=2026-07-22 00:00:00+00:00
[2026-07-21T10:50:29.035+0000] {processor.py:183} INFO - Processing /opt/airflow/dags/marketpulse_pipeline.py took 0.118 seconds
[2026-07-21T10:50:59.114+0000] {processor.py:161} INFO - Started process (PID=312) to work on /opt/airflow/dags/marketpulse_pipeline.py
[2026-07-21T10:50:59.114+0000] {processor.py:830} INFO - Processing file /opt/airflow/dags/marketpulse_pipeline.py for tasks to queue
[2026-07-21T10:50:59.115+0000] {logging_mixin.py:188} INFO - [2026-07-21T10:50:59.115+0000] {dagbag.py:545} INFO - Filling up the DagBag from /opt/airflow/dags/marketpulse_pipeline.py
[2026-07-21T10:50:59.125+0000] {processor.py:840} INFO - DAG(s) 'marketpulse_pipeline' retrieved from /opt/airflow/dags/marketpulse_pipeline.py
[2026-07-21T10:50:59.153+0000] {logging_mixin.py:188} INFO - [2026-07-21T10:50:59.153+0000] {dag.py:3089} INFO - Sync 1 DAGs
[2026-07-21T10:50:59.178+0000] {logging_mixin.py:188} INFO - [2026-07-21T10:50:59.178+0000] {dag.py:3947} INFO - Setting next_dagrun for marketpulse_pipeline to 2026-07-21 00:00:00+00:00, run_after=2026-07-22 00:00:00+00:00
[2026-07-21T10:50:59.196+0000] {processor.py:183} INFO - Processing /opt/airflow/dags/marketpulse_pipeline.py took 0.087 seconds
[2026-07-21T10:51:29.303+0000] {processor.py:161} INFO - Started process (PID=317) to work on /opt/airflow/dags/marketpulse_pipeline.py
[2026-07-21T10:51:29.303+0000] {processor.py:830} INFO - Processing file /opt/airflow/dags/marketpulse_pipeline.py for tasks to queue
[2026-07-21T10:51:29.305+0000] {logging_mixin.py:188} INFO - [2026-07-21T10:51:29.305+0000] {dagbag.py:545} INFO - Filling up the DagBag from /opt/airflow/dags/marketpulse_pipeline.py
[2026-07-21T10:51:29.327+0000] {processor.py:840} INFO - DAG(s) 'marketpulse_pipeline' retrieved from /opt/airflow/dags/marketpulse_pipeline.py
[2026-07-21T10:51:29.354+0000] {logging_mixin.py:188} INFO - [2026-07-21T10:51:29.354+0000] {dag.py:3089} INFO - Sync 1 DAGs
[2026-07-21T10:51:29.382+0000] {logging_mixin.py:188} INFO - [2026-07-21T10:51:29.382+0000] {dag.py:3947} INFO - Setting next_dagrun for marketpulse_pipeline to 2026-07-21 00:00:00+00:00, run_after=2026-07-22 00:00:00+00:00
[2026-07-21T10:51:29.432+0000] {processor.py:183} INFO - Processing /opt/airflow/dags/marketpulse_pipeline.py took 0.148 seconds
[2026-07-21T10:51:59.568+0000] {processor.py:161} INFO - Started process (PID=322) to work on /opt/airflow/dags/marketpulse_pipeline.py
[2026-07-21T10:51:59.569+0000] {processor.py:830} INFO - Processing file /opt/airflow/dags/marketpulse_pipeline.py for tasks to queue
[2026-07-21T10:51:59.571+0000] {logging_mixin.py:188} INFO - [2026-07-21T10:51:59.571+0000] {dagbag.py:545} INFO - Filling up the DagBag from /opt/airflow/dags/marketpulse_pipeline.py
[2026-07-21T10:51:59.585+0000] {processor.py:840} INFO - DAG(s) 'marketpulse_pipeline' retrieved from /opt/airflow/dags/marketpulse_pipeline.py
[2026-07-21T10:51:59.613+0000] {logging_mixin.py:188} INFO - [2026-07-21T10:51:59.613+0000] {dag.py:3089} INFO - Sync 1 DAGs
[2026-07-21T10:51:59.633+0000] {logging_mixin.py:188} INFO - [2026-07-21T10:51:59.633+0000] {dag.py:3947} INFO - Setting next_dagrun for marketpulse_pipeline to 2026-07-21 00:00:00+00:00, run_after=2026-07-22 00:00:00+00:00
[2026-07-21T10:51:59.652+0000] {processor.py:183} INFO - Processing /opt/airflow/dags/marketpulse_pipeline.py took 0.091 seconds
[2026-07-21T10:52:29.701+0000] {processor.py:161} INFO - Started process (PID=327) to work on /opt/airflow/dags/marketpulse_pipeline.py
[2026-07-21T10:52:29.702+0000] {processor.py:830} INFO - Processing file /opt/airflow/dags/marketpulse_pipeline.py for tasks to queue
[2026-07-21T10:52:29.703+0000] {logging_mixin.py:188} INFO - [2026-07-21T10:52:29.703+0000] {dagbag.py:545} INFO - Filling up the DagBag from /opt/airflow/dags/marketpulse_pipeline.py
[2026-07-21T10:52:29.713+0000] {processor.py:840} INFO - DAG(s) 'marketpulse_pipeline' retrieved from /opt/airflow/dags/marketpulse_pipeline.py
[2026-07-21T10:52:29.738+0000] {logging_mixin.py:188} INFO - [2026-07-21T10:52:29.738+0000] {dag.py:3089} INFO - Sync 1 DAGs
[2026-07-21T10:52:29.760+0000] {logging_mixin.py:188} INFO - [2026-07-21T10:52:29.760+0000] {dag.py:3947} INFO - Setting next_dagrun for marketpulse_pipeline to 2026-07-21 00:00:00+00:00, run_after=2026-07-22 00:00:00+00:00
[2026-07-21T10:52:29.779+0000] {processor.py:183} INFO - Processing /opt/airflow/dags/marketpulse_pipeline.py took 0.083 seconds
[2026-07-21T10:52:59.939+0000] {processor.py:161} INFO - Started process (PID=337) to work on /opt/airflow/dags/marketpulse_pipeline.py
[2026-07-21T10:52:59.942+0000] {processor.py:830} INFO - Processing file /opt/airflow/dags/marketpulse_pipeline.py for tasks to queue
[2026-07-21T10:52:59.947+0000] {logging_mixin.py:188} INFO - [2026-07-21T10:52:59.946+0000] {dagbag.py:545} INFO - Filling up the DagBag from /opt/airflow/dags/marketpulse_pipeline.py
[2026-07-21T10:53:00.025+0000] {processor.py:840} INFO - DAG(s) 'marketpulse_pipeline' retrieved from /opt/airflow/dags/marketpulse_pipeline.py
[2026-07-21T10:53:00.066+0000] {logging_mixin.py:188} INFO - [2026-07-21T10:53:00.066+0000] {dag.py:3089} INFO - Sync 1 DAGs
[2026-07-21T10:53:00.099+0000] {logging_mixin.py:188} INFO - [2026-07-21T10:53:00.099+0000] {dag.py:3947} INFO - Setting next_dagrun for marketpulse_pipeline to 2026-07-21 00:00:00+00:00, run_after=2026-07-22 00:00:00+00:00
[2026-07-21T10:53:00.113+0000] {processor.py:183} INFO - Processing /opt/airflow/dags/marketpulse_pipeline.py took 0.203 seconds
[2026-07-21T10:53:30.254+0000] {processor.py:161} INFO - Started process (PID=349) to work on /opt/airflow/dags/marketpulse_pipeline.py
[2026-07-21T10:53:30.254+0000] {processor.py:830} INFO - Processing file /opt/airflow/dags/marketpulse_pipeline.py for tasks to queue
[2026-07-21T10:53:30.256+0000] {logging_mixin.py:188} INFO - [2026-07-21T10:53:30.256+0000] {dagbag.py:545} INFO - Filling up the DagBag from /opt/airflow/dags/marketpulse_pipeline.py
[2026-07-21T10:53:30.266+0000] {processor.py:840} INFO - DAG(s) 'marketpulse_pipeline' retrieved from /opt/airflow/dags/marketpulse_pipeline.py
[2026-07-21T10:53:30.295+0000] {logging_mixin.py:188} INFO - [2026-07-21T10:53:30.295+0000] {dag.py:3089} INFO - Sync 1 DAGs
[2026-07-21T10:53:30.324+0000] {logging_mixin.py:188} INFO - [2026-07-21T10:53:30.323+0000] {dag.py:3947} INFO - Setting next_dagrun for marketpulse_pipeline to 2026-07-21 00:00:00+00:00, run_after=2026-07-22 00:00:00+00:00
[2026-07-21T10:53:30.358+0000] {processor.py:183} INFO - Processing /opt/airflow/dags/marketpulse_pipeline.py took 0.110 seconds
[2026-07-21T10:54:00.492+0000] {processor.py:161} INFO - Started process (PID=354) to work on /opt/airflow/dags/marketpulse_pipeline.py
[2026-07-21T10:54:00.493+0000] {processor.py:830} INFO - Processing file /opt/airflow/dags/marketpulse_pipeline.py for tasks to queue
[2026-07-21T10:54:00.494+0000] {logging_mixin.py:188} INFO - [2026-07-21T10:54:00.494+0000] {dagbag.py:545} INFO - Filling up the DagBag from /opt/airflow/dags/marketpulse_pipeline.py
[2026-07-21T10:54:00.504+0000] {processor.py:840} INFO - DAG(s) 'marketpulse_pipeline' retrieved from /opt/airflow/dags/marketpulse_pipeline.py
[2026-07-21T10:54:00.529+0000] {logging_mixin.py:188} INFO - [2026-07-21T10:54:00.529+0000] {dag.py:3089} INFO - Sync 1 DAGs
[2026-07-21T10:54:00.549+0000] {logging_mixin.py:188} INFO - [2026-07-21T10:54:00.549+0000] {dag.py:3947} INFO - Setting next_dagrun for marketpulse_pipeline to 2026-07-21 00:00:00+00:00, run_after=2026-07-22 00:00:00+00:00
[2026-07-21T10:54:00.566+0000] {processor.py:183} INFO - Processing /opt/airflow/dags/marketpulse_pipeline.py took 0.080 seconds
[2026-07-21T10:54:30.603+0000] {processor.py:161} INFO - Started process (PID=359) to work on /opt/airflow/dags/marketpulse_pipeline.py
[2026-07-21T10:54:30.604+0000] {processor.py:830} INFO - Processing file /opt/airflow/dags/marketpulse_pipeline.py for tasks to queue
[2026-07-21T10:54:30.605+0000] {logging_mixin.py:188} INFO - [2026-07-21T10:54:30.605+0000] {dagbag.py:545} INFO - Filling up the DagBag from /opt/airflow/dags/marketpulse_pipeline.py
[2026-07-21T10:54:30.615+0000] {processor.py:840} INFO - DAG(s) 'marketpulse_pipeline' retrieved from /opt/airflow/dags/marketpulse_pipeline.py
[2026-07-21T10:54:30.640+0000] {logging_mixin.py:188} INFO - [2026-07-21T10:54:30.640+0000] {dag.py:3089} INFO - Sync 1 DAGs
[2026-07-21T10:54:30.667+0000] {logging_mixin.py:188} INFO - [2026-07-21T10:54:30.667+0000] {dag.py:3947} INFO - Setting next_dagrun for marketpulse_pipeline to 2026-07-21 00:00:00+00:00, run_after=2026-07-22 00:00:00+00:00
[2026-07-21T10:54:30.686+0000] {processor.py:183} INFO - Processing /opt/airflow/dags/marketpulse_pipeline.py took 0.088 seconds
[2026-07-21T10:55:00.799+0000] {processor.py:161} INFO - Started process (PID=364) to work on /opt/airflow/dags/marketpulse_pipeline.py
[2026-07-21T10:55:00.800+0000] {processor.py:830} INFO - Processing file /opt/airflow/dags/marketpulse_pipeline.py for tasks to queue
[2026-07-21T10:55:00.801+0000] {logging_mixin.py:188} INFO - [2026-07-21T10:55:00.801+0000] {dagbag.py:545} INFO - Filling up the DagBag from /opt/airflow/dags/marketpulse_pipeline.py
[2026-07-21T10:55:00.811+0000] {processor.py:840} INFO - DAG(s) 'marketpulse_pipeline' retrieved from /opt/airflow/dags/marketpulse_pipeline.py
[2026-07-21T10:55:00.835+0000] {logging_mixin.py:188} INFO - [2026-07-21T10:55:00.835+0000] {dag.py:3089} INFO - Sync 1 DAGs
[2026-07-21T10:55:00.855+0000] {logging_mixin.py:188} INFO - [2026-07-21T10:55:00.854+0000] {dag.py:3947} INFO - Setting next_dagrun for marketpulse_pipeline to 2026-07-21 00:00:00+00:00, run_after=2026-07-22 00:00:00+00:00
[2026-07-21T10:55:00.874+0000] {processor.py:183} INFO - Processing /opt/airflow/dags/marketpulse_pipeline.py took 0.083 seconds
[2026-07-21T10:55:30.927+0000] {processor.py:161} INFO - Started process (PID=369) to work on /opt/airflow/dags/marketpulse_pipeline.py
[2026-07-21T10:55:30.928+0000] {processor.py:830} INFO - Processing file /opt/airflow/dags/marketpulse_pipeline.py for tasks to queue
[2026-07-21T10:55:30.929+0000] {logging_mixin.py:188} INFO - [2026-07-21T10:55:30.929+0000] {dagbag.py:545} INFO - Filling up the DagBag from /opt/airflow/dags/marketpulse_pipeline.py
[2026-07-21T10:55:30.939+0000] {processor.py:840} INFO - DAG(s) 'marketpulse_pipeline' retrieved from /opt/airflow/dags/marketpulse_pipeline.py
[2026-07-21T10:55:30.967+0000] {logging_mixin.py:188} INFO - [2026-07-21T10:55:30.967+0000] {dag.py:3089} INFO - Sync 1 DAGs
[2026-07-21T10:55:30.992+0000] {logging_mixin.py:188} INFO - [2026-07-21T10:55:30.991+0000] {dag.py:3947} INFO - Setting next_dagrun for marketpulse_pipeline to 2026-07-21 00:00:00+00:00, run_after=2026-07-22 00:00:00+00:00
[2026-07-21T10:55:31.008+0000] {processor.py:183} INFO - Processing /opt/airflow/dags/marketpulse_pipeline.py took 0.086 seconds
[2026-07-21T10:56:01.109+0000] {processor.py:161} INFO - Started process (PID=374) to work on /opt/airflow/dags/marketpulse_pipeline.py
[2026-07-21T10:56:01.110+0000] {processor.py:830} INFO - Processing file /opt/airflow/dags/marketpulse_pipeline.py for tasks to queue
[2026-07-21T10:56:01.112+0000] {logging_mixin.py:188} INFO - [2026-07-21T10:56:01.111+0000] {dagbag.py:545} INFO - Filling up the DagBag from /opt/airflow/dags/marketpulse_pipeline.py
[2026-07-21T10:56:01.121+0000] {processor.py:840} INFO - DAG(s) 'marketpulse_pipeline' retrieved from /opt/airflow/dags/marketpulse_pipeline.py
[2026-07-21T10:56:01.146+0000] {logging_mixin.py:188} INFO - [2026-07-21T10:56:01.145+0000] {dag.py:3089} INFO - Sync 1 DAGs
[2026-07-21T10:56:01.167+0000] {logging_mixin.py:188} INFO - [2026-07-21T10:56:01.166+0000] {dag.py:3947} INFO - Setting next_dagrun for marketpulse_pipeline to 2026-07-21 00:00:00+00:00, run_after=2026-07-22 00:00:00+00:00
[2026-07-21T10:56:01.187+0000] {processor.py:183} INFO - Processing /opt/airflow/dags/marketpulse_pipeline.py took 0.085 seconds
[2026-07-21T10:56:31.247+0000] {processor.py:161} INFO - Started process (PID=379) to work on /opt/airflow/dags/marketpulse_pipeline.py
[2026-07-21T10:56:31.248+0000] {processor.py:830} INFO - Processing file /opt/airflow/dags/marketpulse_pipeline.py for tasks to queue
[2026-07-21T10:56:31.249+0000] {logging_mixin.py:188} INFO - [2026-07-21T10:56:31.249+0000] {dagbag.py:545} INFO - Filling up the DagBag from /opt/airflow/dags/marketpulse_pipeline.py
[2026-07-21T10:56:31.259+0000] {processor.py:840} INFO - DAG(s) 'marketpulse_pipeline' retrieved from /opt/airflow/dags/marketpulse_pipeline.py
[2026-07-21T10:56:31.300+0000] {logging_mixin.py:188} INFO - [2026-07-21T10:56:31.300+0000] {dag.py:3089} INFO - Sync 1 DAGs
[2026-07-21T10:56:31.321+0000] {logging_mixin.py:188} INFO - [2026-07-21T10:56:31.321+0000] {dag.py:3947} INFO - Setting next_dagrun for marketpulse_pipeline to 2026-07-21 00:00:00+00:00, run_after=2026-07-22 00:00:00+00:00
[2026-07-21T10:56:31.337+0000] {processor.py:183} INFO - Processing /opt/airflow/dags/marketpulse_pipeline.py took 0.095 seconds
[2026-07-21T10:57:01.417+0000] {processor.py:161} INFO - Started process (PID=384) to work on /opt/airflow/dags/marketpulse_pipeline.py
[2026-07-21T10:57:01.417+0000] {processor.py:830} INFO - Processing file /opt/airflow/dags/marketpulse_pipeline.py for tasks to queue
[2026-07-21T10:57:01.419+0000] {logging_mixin.py:188} INFO - [2026-07-21T10:57:01.419+0000] {dagbag.py:545} INFO - Filling up the DagBag from /opt/airflow/dags/marketpulse_pipeline.py
[2026-07-21T10:57:01.432+0000] {processor.py:840} INFO - DAG(s) 'marketpulse_pipeline' retrieved from /opt/airflow/dags/marketpulse_pipeline.py
[2026-07-21T10:57:01.464+0000] {logging_mixin.py:188} INFO - [2026-07-21T10:57:01.464+0000] {dag.py:3089} INFO - Sync 1 DAGs
[2026-07-21T10:57:01.494+0000] {logging_mixin.py:188} INFO - [2026-07-21T10:57:01.493+0000] {dag.py:3947} INFO - Setting next_dagrun for marketpulse_pipeline to 2026-07-21 00:00:00+00:00, run_after=2026-07-22 00:00:00+00:00
[2026-07-21T10:57:01.511+0000] {processor.py:183} INFO - Processing /opt/airflow/dags/marketpulse_pipeline.py took 0.099 seconds
[2026-07-21T10:57:31.562+0000] {processor.py:161} INFO - Started process (PID=389) to work on /opt/airflow/dags/marketpulse_pipeline.py
[2026-07-21T10:57:31.562+0000] {processor.py:830} INFO - Processing file /opt/airflow/dags/marketpulse_pipeline.py for tasks to queue
[2026-07-21T10:57:31.564+0000] {logging_mixin.py:188} INFO - [2026-07-21T10:57:31.564+0000] {dagbag.py:545} INFO - Filling up the DagBag from /opt/airflow/dags/marketpulse_pipeline.py
[2026-07-21T10:57:31.577+0000] {processor.py:840} INFO - DAG(s) 'marketpulse_pipeline' retrieved from /opt/airflow/dags/marketpulse_pipeline.py
[2026-07-21T10:57:31.614+0000] {logging_mixin.py:188} INFO - [2026-07-21T10:57:31.613+0000] {dag.py:3089} INFO - Sync 1 DAGs
[2026-07-21T10:57:31.643+0000] {logging_mixin.py:188} INFO - [2026-07-21T10:57:31.643+0000] {dag.py:3947} INFO - Setting next_dagrun for marketpulse_pipeline to 2026-07-21 00:00:00+00:00, run_after=2026-07-22 00:00:00+00:00
[2026-07-21T10:57:31.661+0000] {processor.py:183} INFO - Processing /opt/airflow/dags/marketpulse_pipeline.py took 0.104 seconds
[2026-07-21T10:58:01.740+0000] {processor.py:161} INFO - Started process (PID=394) to work on /opt/airflow/dags/marketpulse_pipeline.py
[2026-07-21T10:58:01.740+0000] {processor.py:830} INFO - Processing file /opt/airflow/dags/marketpulse_pipeline.py for tasks to queue
[2026-07-21T10:58:01.742+0000] {logging_mixin.py:188} INFO - [2026-07-21T10:58:01.741+0000] {dagbag.py:545} INFO - Filling up the DagBag from /opt/airflow/dags/marketpulse_pipeline.py
[2026-07-21T10:58:01.752+0000] {processor.py:840} INFO - DAG(s) 'marketpulse_pipeline' retrieved from /opt/airflow/dags/marketpulse_pipeline.py
[2026-07-21T10:58:01.787+0000] {logging_mixin.py:188} INFO - [2026-07-21T10:58:01.786+0000] {dag.py:3089} INFO - Sync 1 DAGs
[2026-07-21T10:58:01.808+0000] {logging_mixin.py:188} INFO - [2026-07-21T10:58:01.808+0000] {dag.py:3947} INFO - Setting next_dagrun for marketpulse_pipeline to 2026-07-21 00:00:00+00:00, run_after=2026-07-22 00:00:00+00:00
[2026-07-21T10:58:01.845+0000] {processor.py:183} INFO - Processing /opt/airflow/dags/marketpulse_pipeline.py took 0.111 seconds
[2026-07-21T11:14:49.981+0000] {processor.py:161} INFO - Started process (PID=157) to work on /opt/airflow/dags/marketpulse_pipeline.py
[2026-07-21T11:14:49.983+0000] {processor.py:830} INFO - Processing file /opt/airflow/dags/marketpulse_pipeline.py for tasks to queue
[2026-07-21T11:14:50.021+0000] {logging_mixin.py:188} INFO - [2026-07-21T11:14:49.997+0000] {dagbag.py:545} INFO - Filling up the DagBag from /opt/airflow/dags/marketpulse_pipeline.py
[2026-07-21T11:14:50.063+0000] {processor.py:840} INFO - DAG(s) 'marketpulse_pipeline' retrieved from /opt/airflow/dags/marketpulse_pipeline.py
[2026-07-21T11:14:50.126+0000] {logging_mixin.py:188} INFO - [2026-07-21T11:14:50.126+0000] {dag.py:3089} INFO - Sync 1 DAGs
[2026-07-21T11:14:50.160+0000] {logging_mixin.py:188} INFO - [2026-07-21T11:14:50.160+0000] {dag.py:3947} INFO - Setting next_dagrun for marketpulse_pipeline to 2026-07-21 00:00:00+00:00, run_after=2026-07-22 00:00:00+00:00
[2026-07-21T11:14:50.184+0000] {processor.py:183} INFO - Processing /opt/airflow/dags/marketpulse_pipeline.py took 0.240 seconds
[2026-07-21T11:15:20.223+0000] {processor.py:161} INFO - Started process (PID=163) to work on /opt/airflow/dags/marketpulse_pipeline.py
[2026-07-21T11:15:20.223+0000] {processor.py:830} INFO - Processing file /opt/airflow/dags/marketpulse_pipeline.py for tasks to queue
[2026-07-21T11:15:20.225+0000] {logging_mixin.py:188} INFO - [2026-07-21T11:15:20.225+0000] {dagbag.py:545} INFO - Filling up the DagBag from /opt/airflow/dags/marketpulse_pipeline.py
[2026-07-21T11:15:20.235+0000] {processor.py:840} INFO - DAG(s) 'marketpulse_pipeline' retrieved from /opt/airflow/dags/marketpulse_pipeline.py
[2026-07-21T11:15:20.577+0000] {logging_mixin.py:188} INFO - [2026-07-21T11:15:20.577+0000] {dag.py:3089} INFO - Sync 1 DAGs
[2026-07-21T11:15:20.598+0000] {logging_mixin.py:188} INFO - [2026-07-21T11:15:20.598+0000] {dag.py:3947} INFO - Setting next_dagrun for marketpulse_pipeline to 2026-07-21 00:00:00+00:00, run_after=2026-07-22 00:00:00+00:00
[2026-07-21T11:15:20.704+0000] {processor.py:183} INFO - Processing /opt/airflow/dags/marketpulse_pipeline.py took 0.486 seconds
[2026-07-21T11:15:50.871+0000] {processor.py:161} INFO - Started process (PID=177) to work on /opt/airflow/dags/marketpulse_pipeline.py
[2026-07-21T11:15:50.875+0000] {processor.py:830} INFO - Processing file /opt/airflow/dags/marketpulse_pipeline.py for tasks to queue
[2026-07-21T11:15:50.879+0000] {logging_mixin.py:188} INFO - [2026-07-21T11:15:50.876+0000] {dagbag.py:545} INFO - Filling up the DagBag from /opt/airflow/dags/marketpulse_pipeline.py
[2026-07-21T11:15:50.904+0000] {processor.py:840} INFO - DAG(s) 'marketpulse_pipeline' retrieved from /opt/airflow/dags/marketpulse_pipeline.py
[2026-07-21T11:15:50.963+0000] {logging_mixin.py:188} INFO - [2026-07-21T11:15:50.962+0000] {dag.py:3089} INFO - Sync 1 DAGs
[2026-07-21T11:15:51.008+0000] {logging_mixin.py:188} INFO - [2026-07-21T11:15:51.007+0000] {dag.py:3947} INFO - Setting next_dagrun for marketpulse_pipeline to 2026-07-21 00:00:00+00:00, run_after=2026-07-22 00:00:00+00:00
[2026-07-21T11:15:51.031+0000] {processor.py:183} INFO - Processing /opt/airflow/dags/marketpulse_pipeline.py took 0.175 seconds
[2026-07-21T11:16:21.185+0000] {processor.py:161} INFO - Started process (PID=186) to work on /opt/airflow/dags/marketpulse_pipeline.py
[2026-07-21T11:16:21.186+0000] {processor.py:830} INFO - Processing file /opt/airflow/dags/marketpulse_pipeline.py for tasks to queue
[2026-07-21T11:16:21.188+0000] {logging_mixin.py:188} INFO - [2026-07-21T11:16:21.188+0000] {dagbag.py:545} INFO - Filling up the DagBag from /opt/airflow/dags/marketpulse_pipeline.py
[2026-07-21T11:16:21.202+0000] {processor.py:840} INFO - DAG(s) 'marketpulse_pipeline' retrieved from /opt/airflow/dags/marketpulse_pipeline.py
[2026-07-21T11:16:21.247+0000] {logging_mixin.py:188} INFO - [2026-07-21T11:16:21.247+0000] {dag.py:3089} INFO - Sync 1 DAGs
[2026-07-21T11:16:21.273+0000] {logging_mixin.py:188} INFO - [2026-07-21T11:16:21.273+0000] {dag.py:3947} INFO - Setting next_dagrun for marketpulse_pipeline to 2026-07-21 00:00:00+00:00, run_after=2026-07-22 00:00:00+00:00
[2026-07-21T11:16:21.291+0000] {processor.py:183} INFO - Processing /opt/airflow/dags/marketpulse_pipeline.py took 0.114 seconds
[2026-07-21T11:16:51.404+0000] {processor.py:161} INFO - Started process (PID=191) to work on /opt/airflow/dags/marketpulse_pipeline.py
[2026-07-21T11:16:51.404+0000] {processor.py:830} INFO - Processing file /opt/airflow/dags/marketpulse_pipeline.py for tasks to queue
[2026-07-21T11:16:51.406+0000] {logging_mixin.py:188} INFO - [2026-07-21T11:16:51.405+0000] {dagbag.py:545} INFO - Filling up the DagBag from /opt/airflow/dags/marketpulse_pipeline.py
[2026-07-21T11:16:51.415+0000] {processor.py:840} INFO - DAG(s) 'marketpulse_pipeline' retrieved from /opt/airflow/dags/marketpulse_pipeline.py
[2026-07-21T11:16:51.440+0000] {logging_mixin.py:188} INFO - [2026-07-21T11:16:51.440+0000] {dag.py:3089} INFO - Sync 1 DAGs
[2026-07-21T11:16:51.461+0000] {logging_mixin.py:188} INFO - [2026-07-21T11:16:51.461+0000] {dag.py:3947} INFO - Setting next_dagrun for marketpulse_pipeline to 2026-07-21 00:00:00+00:00, run_after=2026-07-22 00:00:00+00:00
[2026-07-21T11:16:51.479+0000] {processor.py:183} INFO - Processing /opt/airflow/dags/marketpulse_pipeline.py took 0.081 seconds
[2026-07-21T11:17:21.563+0000] {processor.py:161} INFO - Started process (PID=196) to work on /opt/airflow/dags/marketpulse_pipeline.py
[2026-07-21T11:17:21.563+0000] {processor.py:830} INFO - Processing file /opt/airflow/dags/marketpulse_pipeline.py for tasks to queue
[2026-07-21T11:17:21.566+0000] {logging_mixin.py:188} INFO - [2026-07-21T11:17:21.565+0000] {dagbag.py:545} INFO - Filling up the DagBag from /opt/airflow/dags/marketpulse_pipeline.py
[2026-07-21T11:17:21.583+0000] {processor.py:840} INFO - DAG(s) 'marketpulse_pipeline' retrieved from /opt/airflow/dags/marketpulse_pipeline.py
[2026-07-21T11:17:21.626+0000] {logging_mixin.py:188} INFO - [2026-07-21T11:17:21.626+0000] {dag.py:3089} INFO - Sync 1 DAGs
[2026-07-21T11:17:21.647+0000] {logging_mixin.py:188} INFO - [2026-07-21T11:17:21.646+0000] {dag.py:3947} INFO - Setting next_dagrun for marketpulse_pipeline to 2026-07-21 00:00:00+00:00, run_after=2026-07-22 00:00:00+00:00
[2026-07-21T11:17:21.664+0000] {processor.py:183} INFO - Processing /opt/airflow/dags/marketpulse_pipeline.py took 0.116 seconds
[2026-07-21T11:17:51.726+0000] {processor.py:161} INFO - Started process (PID=208) to work on /opt/airflow/dags/marketpulse_pipeline.py
[2026-07-21T11:17:51.727+0000] {processor.py:830} INFO - Processing file /opt/airflow/dags/marketpulse_pipeline.py for tasks to queue
[2026-07-21T11:17:51.728+0000] {logging_mixin.py:188} INFO - [2026-07-21T11:17:51.728+0000] {dagbag.py:545} INFO - Filling up the DagBag from /opt/airflow/dags/marketpulse_pipeline.py
[2026-07-21T11:17:51.738+0000] {processor.py:840} INFO - DAG(s) 'marketpulse_pipeline' retrieved from /opt/airflow/dags/marketpulse_pipeline.py
[2026-07-21T11:17:51.766+0000] {logging_mixin.py:188} INFO - [2026-07-21T11:17:51.765+0000] {dag.py:3089} INFO - Sync 1 DAGs
[2026-07-21T11:17:51.793+0000] {logging_mixin.py:188} INFO - [2026-07-21T11:17:51.793+0000] {dag.py:3947} INFO - Setting next_dagrun for marketpulse_pipeline to 2026-07-21 00:00:00+00:00, run_after=2026-07-22 00:00:00+00:00
[2026-07-21T11:17:51.809+0000] {processor.py:183} INFO - Processing /opt/airflow/dags/marketpulse_pipeline.py took 0.087 seconds
[2026-07-21T11:18:21.893+0000] {processor.py:161} INFO - Started process (PID=213) to work on /opt/airflow/dags/marketpulse_pipeline.py
[2026-07-21T11:18:21.893+0000] {processor.py:830} INFO - Processing file /opt/airflow/dags/marketpulse_pipeline.py for tasks to queue
[2026-07-21T11:18:21.895+0000] {logging_mixin.py:188} INFO - [2026-07-21T11:18:21.895+0000] {dagbag.py:545} INFO - Filling up the DagBag from /opt/airflow/dags/marketpulse_pipeline.py
[2026-07-21T11:18:21.906+0000] {processor.py:840} INFO - DAG(s) 'marketpulse_pipeline' retrieved from /opt/airflow/dags/marketpulse_pipeline.py
[2026-07-21T11:18:21.930+0000] {logging_mixin.py:188} INFO - [2026-07-21T11:18:21.930+0000] {dag.py:3089} INFO - Sync 1 DAGs
[2026-07-21T11:18:21.949+0000] {logging_mixin.py:188} INFO - [2026-07-21T11:18:21.949+0000] {dag.py:3947} INFO - Setting next_dagrun for marketpulse_pipeline to 2026-07-21 00:00:00+00:00, run_after=2026-07-22 00:00:00+00:00
[2026-07-21T11:18:21.969+0000] {processor.py:183} INFO - Processing /opt/airflow/dags/marketpulse_pipeline.py took 0.083 seconds
[2026-07-21T11:18:52.058+0000] {processor.py:161} INFO - Started process (PID=218) to work on /opt/airflow/dags/marketpulse_pipeline.py
[2026-07-21T11:18:52.058+0000] {processor.py:830} INFO - Processing file /opt/airflow/dags/marketpulse_pipeline.py for tasks to queue
[2026-07-21T11:18:52.060+0000] {logging_mixin.py:188} INFO - [2026-07-21T11:18:52.059+0000] {dagbag.py:545} INFO - Filling up the DagBag from /opt/airflow/dags/marketpulse_pipeline.py
[2026-07-21T11:18:52.071+0000] {processor.py:840} INFO - DAG(s) 'marketpulse_pipeline' retrieved from /opt/airflow/dags/marketpulse_pipeline.py
[2026-07-21T11:18:52.101+0000] {logging_mixin.py:188} INFO - [2026-07-21T11:18:52.100+0000] {dag.py:3089} INFO - Sync 1 DAGs
[2026-07-21T11:18:52.120+0000] {logging_mixin.py:188} INFO - [2026-07-21T11:18:52.120+0000] {dag.py:3947} INFO - Setting next_dagrun for marketpulse_pipeline to 2026-07-21 00:00:00+00:00, run_after=2026-07-22 00:00:00+00:00
[2026-07-21T11:18:52.137+0000] {processor.py:183} INFO - Processing /opt/airflow/dags/marketpulse_pipeline.py took 0.084 seconds
[2026-07-21T11:19:22.221+0000] {processor.py:161} INFO - Started process (PID=223) to work on /opt/airflow/dags/marketpulse_pipeline.py
[2026-07-21T11:19:22.221+0000] {processor.py:830} INFO - Processing file /opt/airflow/dags/marketpulse_pipeline.py for tasks to queue
[2026-07-21T11:19:22.223+0000] {logging_mixin.py:188} INFO - [2026-07-21T11:19:22.223+0000] {dagbag.py:545} INFO - Filling up the DagBag from /opt/airflow/dags/marketpulse_pipeline.py
[2026-07-21T11:19:22.233+0000] {processor.py:840} INFO - DAG(s) 'marketpulse_pipeline' retrieved from /opt/airflow/dags/marketpulse_pipeline.py
[2026-07-21T11:19:22.259+0000] {logging_mixin.py:188} INFO - [2026-07-21T11:19:22.259+0000] {dag.py:3089} INFO - Sync 1 DAGs
[2026-07-21T11:19:22.286+0000] {logging_mixin.py:188} INFO - [2026-07-21T11:19:22.286+0000] {dag.py:3947} INFO - Setting next_dagrun for marketpulse_pipeline to 2026-07-21 00:00:00+00:00, run_after=2026-07-22 00:00:00+00:00
[2026-07-21T11:19:22.304+0000] {processor.py:183} INFO - Processing /opt/airflow/dags/marketpulse_pipeline.py took 0.088 seconds
[2026-07-21T11:19:52.395+0000] {processor.py:161} INFO - Started process (PID=228) to work on /opt/airflow/dags/marketpulse_pipeline.py
[2026-07-21T11:19:52.395+0000] {processor.py:830} INFO - Processing file /opt/airflow/dags/marketpulse_pipeline.py for tasks to queue
[2026-07-21T11:19:52.397+0000] {logging_mixin.py:188} INFO - [2026-07-21T11:19:52.396+0000] {dagbag.py:545} INFO - Filling up the DagBag from /opt/airflow/dags/marketpulse_pipeline.py
[2026-07-21T11:19:52.408+0000] {processor.py:840} INFO - DAG(s) 'marketpulse_pipeline' retrieved from /opt/airflow/dags/marketpulse_pipeline.py
[2026-07-21T11:19:52.432+0000] {logging_mixin.py:188} INFO - [2026-07-21T11:19:52.432+0000] {dag.py:3089} INFO - Sync 1 DAGs
[2026-07-21T11:19:52.452+0000] {logging_mixin.py:188} INFO - [2026-07-21T11:19:52.452+0000] {dag.py:3947} INFO - Setting next_dagrun for marketpulse_pipeline to 2026-07-21 00:00:00+00:00, run_after=2026-07-22 00:00:00+00:00
[2026-07-21T11:19:52.469+0000] {processor.py:183} INFO - Processing /opt/airflow/dags/marketpulse_pipeline.py took 0.080 seconds
[2026-07-21T11:20:22.531+0000] {processor.py:161} INFO - Started process (PID=233) to work on /opt/airflow/dags/marketpulse_pipeline.py
[2026-07-21T11:20:22.532+0000] {processor.py:830} INFO - Processing file /opt/airflow/dags/marketpulse_pipeline.py for tasks to queue
[2026-07-21T11:20:22.533+0000] {logging_mixin.py:188} INFO - [2026-07-21T11:20:22.533+0000] {dagbag.py:545} INFO - Filling up the DagBag from /opt/airflow/dags/marketpulse_pipeline.py
[2026-07-21T11:20:22.548+0000] {processor.py:840} INFO - DAG(s) 'marketpulse_pipeline' retrieved from /opt/airflow/dags/marketpulse_pipeline.py
[2026-07-21T11:20:22.590+0000] {logging_mixin.py:188} INFO - [2026-07-21T11:20:22.590+0000] {dag.py:3089} INFO - Sync 1 DAGs
[2026-07-21T11:20:22.613+0000] {logging_mixin.py:188} INFO - [2026-07-21T11:20:22.613+0000] {dag.py:3947} INFO - Setting next_dagrun for marketpulse_pipeline to 2026-07-21 00:00:00+00:00, run_after=2026-07-22 00:00:00+00:00
[2026-07-21T11:20:22.628+0000] {processor.py:183} INFO - Processing /opt/airflow/dags/marketpulse_pipeline.py took 0.102 seconds
[2026-07-21T11:20:52.709+0000] {processor.py:161} INFO - Started process (PID=243) to work on /opt/airflow/dags/marketpulse_pipeline.py
[2026-07-21T11:20:52.710+0000] {processor.py:830} INFO - Processing file /opt/airflow/dags/marketpulse_pipeline.py for tasks to queue
[2026-07-21T11:20:52.711+0000] {logging_mixin.py:188} INFO - [2026-07-21T11:20:52.711+0000] {dagbag.py:545} INFO - Filling up the DagBag from /opt/airflow/dags/marketpulse_pipeline.py
[2026-07-21T11:20:52.722+0000] {processor.py:840} INFO - DAG(s) 'marketpulse_pipeline' retrieved from /opt/airflow/dags/marketpulse_pipeline.py
[2026-07-21T11:20:52.746+0000] {logging_mixin.py:188} INFO - [2026-07-21T11:20:52.746+0000] {dag.py:3089} INFO - Sync 1 DAGs
[2026-07-21T11:20:52.770+0000] {logging_mixin.py:188} INFO - [2026-07-21T11:20:52.770+0000] {dag.py:3947} INFO - Setting next_dagrun for marketpulse_pipeline to 2026-07-21 00:00:00+00:00, run_after=2026-07-22 00:00:00+00:00
[2026-07-21T11:20:52.792+0000] {processor.py:183} INFO - Processing /opt/airflow/dags/marketpulse_pipeline.py took 0.088 seconds
[2026-07-21T11:21:22.901+0000] {processor.py:161} INFO - Started process (PID=302) to work on /opt/airflow/dags/marketpulse_pipeline.py
[2026-07-21T11:21:22.901+0000] {processor.py:830} INFO - Processing file /opt/airflow/dags/marketpulse_pipeline.py for tasks to queue
[2026-07-21T11:21:22.903+0000] {logging_mixin.py:188} INFO - [2026-07-21T11:21:22.903+0000] {dagbag.py:545} INFO - Filling up the DagBag from /opt/airflow/dags/marketpulse_pipeline.py
[2026-07-21T11:21:22.913+0000] {processor.py:840} INFO - DAG(s) 'marketpulse_pipeline' retrieved from /opt/airflow/dags/marketpulse_pipeline.py
[2026-07-21T11:21:22.937+0000] {logging_mixin.py:188} INFO - [2026-07-21T11:21:22.937+0000] {dag.py:3089} INFO - Sync 1 DAGs
[2026-07-21T11:21:22.957+0000] {logging_mixin.py:188} INFO - [2026-07-21T11:21:22.956+0000] {dag.py:3947} INFO - Setting next_dagrun for marketpulse_pipeline to 2026-07-21 00:00:00+00:00, run_after=2026-07-22 00:00:00+00:00
[2026-07-21T11:21:22.976+0000] {processor.py:183} INFO - Processing /opt/airflow/dags/marketpulse_pipeline.py took 0.080 seconds
[2026-07-21T11:21:53.012+0000] {processor.py:161} INFO - Started process (PID=307) to work on /opt/airflow/dags/marketpulse_pipeline.py
[2026-07-21T11:21:53.013+0000] {processor.py:830} INFO - Processing file /opt/airflow/dags/marketpulse_pipeline.py for tasks to queue
[2026-07-21T11:21:53.014+0000] {logging_mixin.py:188} INFO - [2026-07-21T11:21:53.014+0000] {dagbag.py:545} INFO - Filling up the DagBag from /opt/airflow/dags/marketpulse_pipeline.py
[2026-07-21T11:21:53.024+0000] {processor.py:840} INFO - DAG(s) 'marketpulse_pipeline' retrieved from /opt/airflow/dags/marketpulse_pipeline.py
[2026-07-21T11:21:53.049+0000] {logging_mixin.py:188} INFO - [2026-07-21T11:21:53.048+0000] {dag.py:3089} INFO - Sync 1 DAGs
[2026-07-21T11:21:53.072+0000] {logging_mixin.py:188} INFO - [2026-07-21T11:21:53.071+0000] {dag.py:3947} INFO - Setting next_dagrun for marketpulse_pipeline to 2026-07-21 00:00:00+00:00, run_after=2026-07-22 00:00:00+00:00
[2026-07-21T11:21:53.094+0000] {processor.py:183} INFO - Processing /opt/airflow/dags/marketpulse_pipeline.py took 0.087 seconds
[2026-07-21T11:22:23.230+0000] {processor.py:161} INFO - Started process (PID=312) to work on /opt/airflow/dags/marketpulse_pipeline.py
[2026-07-21T11:22:23.233+0000] {processor.py:830} INFO - Processing file /opt/airflow/dags/marketpulse_pipeline.py for tasks to queue
[2026-07-21T11:22:23.237+0000] {logging_mixin.py:188} INFO - [2026-07-21T11:22:23.236+0000] {dagbag.py:545} INFO - Filling up the DagBag from /opt/airflow/dags/marketpulse_pipeline.py
[2026-07-21T11:22:23.252+0000] {processor.py:840} INFO - DAG(s) 'marketpulse_pipeline' retrieved from /opt/airflow/dags/marketpulse_pipeline.py
[2026-07-21T11:22:23.280+0000] {logging_mixin.py:188} INFO - [2026-07-21T11:22:23.279+0000] {dag.py:3089} INFO - Sync 1 DAGs
[2026-07-21T11:22:23.306+0000] {logging_mixin.py:188} INFO - [2026-07-21T11:22:23.306+0000] {dag.py:3947} INFO - Setting next_dagrun for marketpulse_pipeline to 2026-07-21 00:00:00+00:00, run_after=2026-07-22 00:00:00+00:00
[2026-07-21T11:22:23.321+0000] {processor.py:183} INFO - Processing /opt/airflow/dags/marketpulse_pipeline.py took 0.102 seconds
[2026-07-21T11:22:53.433+0000] {processor.py:161} INFO - Started process (PID=317) to work on /opt/airflow/dags/marketpulse_pipeline.py
[2026-07-21T11:22:53.434+0000] {processor.py:830} INFO - Processing file /opt/airflow/dags/marketpulse_pipeline.py for tasks to queue
[2026-07-21T11:22:53.436+0000] {logging_mixin.py:188} INFO - [2026-07-21T11:22:53.435+0000] {dagbag.py:545} INFO - Filling up the DagBag from /opt/airflow/dags/marketpulse_pipeline.py
[2026-07-21T11:22:53.448+0000] {processor.py:840} INFO - DAG(s) 'marketpulse_pipeline' retrieved from /opt/airflow/dags/marketpulse_pipeline.py
[2026-07-21T11:22:53.479+0000] {logging_mixin.py:188} INFO - [2026-07-21T11:22:53.479+0000] {dag.py:3089} INFO - Sync 1 DAGs
[2026-07-21T11:22:53.501+0000] {logging_mixin.py:188} INFO - [2026-07-21T11:22:53.501+0000] {dag.py:3947} INFO - Setting next_dagrun for marketpulse_pipeline to 2026-07-21 00:00:00+00:00, run_after=2026-07-22 00:00:00+00:00
[2026-07-21T11:22:53.516+0000] {processor.py:183} INFO - Processing /opt/airflow/dags/marketpulse_pipeline.py took 0.088 seconds
[2026-07-21T11:23:23.554+0000] {processor.py:161} INFO - Started process (PID=322) to work on /opt/airflow/dags/marketpulse_pipeline.py
[2026-07-21T11:23:23.556+0000] {processor.py:830} INFO - Processing file /opt/airflow/dags/marketpulse_pipeline.py for tasks to queue
[2026-07-21T11:23:23.558+0000] {logging_mixin.py:188} INFO - [2026-07-21T11:23:23.557+0000] {dagbag.py:545} INFO - Filling up the DagBag from /opt/airflow/dags/marketpulse_pipeline.py
[2026-07-21T11:23:23.572+0000] {processor.py:840} INFO - DAG(s) 'marketpulse_pipeline' retrieved from /opt/airflow/dags/marketpulse_pipeline.py
[2026-07-21T11:23:23.602+0000] {logging_mixin.py:188} INFO - [2026-07-21T11:23:23.602+0000] {dag.py:3089} INFO - Sync 1 DAGs
[2026-07-21T11:23:23.624+0000] {logging_mixin.py:188} INFO - [2026-07-21T11:23:23.624+0000] {dag.py:3947} INFO - Setting next_dagrun for marketpulse_pipeline to 2026-07-21 00:00:00+00:00, run_after=2026-07-22 00:00:00+00:00
[2026-07-21T11:23:23.639+0000] {processor.py:183} INFO - Processing /opt/airflow/dags/marketpulse_pipeline.py took 0.092 seconds
