[2026-07-21T10:44:16.594+0000] {local_task_job_runner.py:120} INFO - ::group::Pre task execution logs
[2026-07-21T10:44:16.651+0000] {taskinstance.py:2076} INFO - Dependencies all met for dep_context=non-requeueable deps ti=<TaskInstance: marketpulse_pipeline.extract_and_load_raw scheduled__2026-07-20T00:00:00+00:00 [queued]>
[2026-07-21T10:44:16.660+0000] {taskinstance.py:2076} INFO - Dependencies all met for dep_context=requeueable deps ti=<TaskInstance: marketpulse_pipeline.extract_and_load_raw scheduled__2026-07-20T00:00:00+00:00 [queued]>
[2026-07-21T10:44:16.660+0000] {taskinstance.py:2306} INFO - Starting attempt 2 of 2
[2026-07-21T10:44:16.682+0000] {taskinstance.py:2330} INFO - Executing <Task(BashOperator): extract_and_load_raw> on 2026-07-20 00:00:00+00:00
[2026-07-21T10:44:16.700+0000] {standard_task_runner.py:90} INFO - Running: ['***', 'tasks', 'run', 'marketpulse_pipeline', 'extract_and_load_raw', 'scheduled__2026-07-20T00:00:00+00:00', '--job-id', '6', '--raw', '--subdir', 'DAGS_FOLDER/marketpulse_pipeline.py', '--cfg-path', '/tmp/tmp3xm3xxw8']
[2026-07-21T10:44:16.702+0000] {standard_task_runner.py:91} INFO - Job 6: Subtask extract_and_load_raw
[2026-07-21T10:44:16.732+0000] {logging_mixin.py:188} WARNING - /home/***/.local/lib/python3.12/site-packages/***/task/task_runner/standard_task_runner.py:62 DeprecationWarning: This process (pid=237) is multi-threaded, use of fork() may lead to deadlocks in the child.
[2026-07-21T10:44:16.735+0000] {standard_task_runner.py:64} INFO - Started process 240 to run task
[2026-07-21T10:44:16.779+0000] {task_command.py:426} INFO - Running <TaskInstance: marketpulse_pipeline.extract_and_load_raw scheduled__2026-07-20T00:00:00+00:00 [running]> on host 43b415d14da3
[2026-07-21T10:44:16.902+0000] {taskinstance.py:2648} INFO - Exporting env vars: AIRFLOW_CTX_DAG_OWNER='maxson' AIRFLOW_CTX_DAG_ID='marketpulse_pipeline' AIRFLOW_CTX_TASK_ID='extract_and_load_raw' AIRFLOW_CTX_EXECUTION_DATE='2026-07-20T00:00:00+00:00' AIRFLOW_CTX_TRY_NUMBER='2' AIRFLOW_CTX_DAG_RUN_ID='scheduled__2026-07-20T00:00:00+00:00'
[2026-07-21T10:44:16.903+0000] {taskinstance.py:430} INFO - ::endgroup::
[2026-07-21T10:44:16.929+0000] {subprocess.py:63} INFO - Tmp dir root location: /tmp
[2026-07-21T10:44:16.929+0000] {subprocess.py:75} INFO - Running command: ['/usr/bin/bash', '-c', 'cd /opt/***/src && python load_raw.py']
[2026-07-21T10:44:16.948+0000] {subprocess.py:86} INFO - Output:
[2026-07-21T10:44:19.504+0000] {subprocess.py:93} INFO - Traceback (most recent call last):
[2026-07-21T10:44:19.505+0000] {subprocess.py:93} INFO -   File "/opt/***/src/load_raw.py", line 69, in <module>
[2026-07-21T10:44:19.505+0000] {subprocess.py:93} INFO -     ensure_schema(engine, "raw")
[2026-07-21T10:44:19.506+0000] {subprocess.py:93} INFO -   File "/opt/***/src/utils/db.py", line 39, in ensure_schema
[2026-07-21T10:44:19.506+0000] {subprocess.py:93} INFO -     conn.commit()
[2026-07-21T10:44:19.506+0000] {subprocess.py:93} INFO -     ^^^^^^^^^^^
[2026-07-21T10:44:19.507+0000] {subprocess.py:93} INFO - AttributeError: 'Connection' object has no attribute 'commit'
[2026-07-21T10:44:19.620+0000] {subprocess.py:97} INFO - Command exited with return code 1
[2026-07-21T10:44:19.621+0000] {taskinstance.py:441} INFO - ::group::Post task execution logs
[2026-07-21T10:44:19.641+0000] {taskinstance.py:2905} ERROR - Task failed with exception
Traceback (most recent call last):
  File "/home/airflow/.local/lib/python3.12/site-packages/airflow/models/taskinstance.py", line 465, in _execute_task
    result = _execute_callable(context=context, **execute_callable_kwargs)
             ^^^^^^^^^^^^^^^^^^^^^^^^^^^^^^^^^^^^^^^^^^^^^^^^^^^^^^^^^^^^^
  File "/home/airflow/.local/lib/python3.12/site-packages/airflow/models/taskinstance.py", line 432, in _execute_callable
    return execute_callable(context=context, **execute_callable_kwargs)
           ^^^^^^^^^^^^^^^^^^^^^^^^^^^^^^^^^^^^^^^^^^^^^^^^^^^^^^^^^^^^
  File "/home/airflow/.local/lib/python3.12/site-packages/airflow/models/baseoperator.py", line 401, in wrapper
    return func(self, *args, **kwargs)
           ^^^^^^^^^^^^^^^^^^^^^^^^^^^
  File "/home/airflow/.local/lib/python3.12/site-packages/airflow/operators/bash.py", line 243, in execute
    raise AirflowException(
airflow.exceptions.AirflowException: Bash command failed. The command returned a non-zero exit code 1.
[2026-07-21T10:44:19.646+0000] {taskinstance.py:1206} INFO - Marking task as FAILED. dag_id=marketpulse_pipeline, task_id=extract_and_load_raw, run_id=scheduled__2026-07-20T00:00:00+00:00, execution_date=20260720T000000, start_date=20260721T104416, end_date=20260721T104419
[2026-07-21T10:44:19.665+0000] {standard_task_runner.py:110} ERROR - Failed to execute job 6 for task extract_and_load_raw (Bash command failed. The command returned a non-zero exit code 1.; 240)
[2026-07-21T10:44:19.717+0000] {local_task_job_runner.py:243} INFO - Task exited with return code 1
[2026-07-21T10:44:19.761+0000] {taskinstance.py:3503} INFO - 0 downstream tasks scheduled from follow-on schedule check
[2026-07-21T10:44:19.769+0000] {local_task_job_runner.py:222} INFO - ::endgroup::
